[2026-04-27T06:27:55.144+0000] {local_task_job_runner.py:120} INFO - ::group::Pre task execution logs
[2026-04-27T06:27:55.205+0000] {taskinstance.py:2076} INFO - Dependencies all met for dep_context=non-requeueable deps ti=<TaskInstance: file_etl_pipeline.extract_task scheduled__2026-04-26T00:00:00+00:00 [queued]>
[2026-04-27T06:27:55.216+0000] {taskinstance.py:2076} INFO - Dependencies all met for dep_context=requeueable deps ti=<TaskInstance: file_etl_pipeline.extract_task scheduled__2026-04-26T00:00:00+00:00 [queued]>
[2026-04-27T06:27:55.217+0000] {taskinstance.py:2306} INFO - Starting attempt 1 of 2
[2026-04-27T06:27:55.236+0000] {taskinstance.py:2330} INFO - Executing <Task(PythonOperator): extract_task> on 2026-04-26 00:00:00+00:00
[2026-04-27T06:27:55.247+0000] {standard_task_runner.py:90} INFO - Running: ['***', 'tasks', 'run', 'file_etl_pipeline', 'extract_task', 'scheduled__2026-04-26T00:00:00+00:00', '--job-id', '14', '--raw', '--subdir', 'DAGS_FOLDER/file_etl_dag.py', '--cfg-path', '/tmp/tmp29fl3n96']
[2026-04-27T06:27:55.253+0000] {standard_task_runner.py:91} INFO - Job 14: Subtask extract_task
[2026-04-27T06:27:55.254+0000] {logging_mixin.py:188} WARNING - /home/***/.local/lib/python3.12/site-packages/***/task/task_runner/standard_task_runner.py:62 DeprecationWarning: This process (pid=167) is multi-threaded, use of fork() may lead to deadlocks in the child.
[2026-04-27T06:27:55.255+0000] {standard_task_runner.py:64} INFO - Started process 172 to run task
[2026-04-27T06:27:55.384+0000] {task_command.py:426} INFO - Running <TaskInstance: file_etl_pipeline.extract_task scheduled__2026-04-26T00:00:00+00:00 [running]> on host f6f91ccb8bc7
[2026-04-27T06:27:55.834+0000] {taskinstance.py:2648} INFO - Exporting env vars: AIRFLOW_CTX_DAG_OWNER='team_project' AIRFLOW_CTX_DAG_ID='file_etl_pipeline' AIRFLOW_CTX_TASK_ID='extract_task' AIRFLOW_CTX_EXECUTION_DATE='2026-04-26T00:00:00+00:00' AIRFLOW_CTX_TRY_NUMBER='1' AIRFLOW_CTX_DAG_RUN_ID='scheduled__2026-04-26T00:00:00+00:00'
[2026-04-27T06:27:55.839+0000] {taskinstance.py:430} INFO - ::endgroup::
[2026-04-27T06:27:55.882+0000] {extract.py:8} INFO - Extracting data from: /opt/***/data/input/customers.csv
[2026-04-27T06:27:55.913+0000] {extract.py:12} INFO - Extracted 7 records
[2026-04-27T06:27:55.914+0000] {extract.py:13} INFO - Columns: ['customer_id', 'name', 'email', 'age', 'city', 'spent_amount']
[2026-04-27T06:27:55.996+0000] {python.py:237} INFO - Done. Returned value was: Extracted 7 records
[2026-04-27T06:27:55.997+0000] {taskinstance.py:441} INFO - ::group::Post task execution logs
[2026-04-27T06:27:56.064+0000] {taskinstance.py:1206} INFO - Marking task as SUCCESS. dag_id=file_etl_pipeline, task_id=extract_task, run_id=scheduled__2026-04-26T00:00:00+00:00, execution_date=20260426T000000, start_date=20260427T062755, end_date=20260427T062756
[2026-04-27T06:27:56.153+0000] {local_task_job_runner.py:243} INFO - Task exited with return code 0
[2026-04-27T06:27:56.185+0000] {local_task_job_runner.py:222} INFO - ::endgroup::
