[2026-04-25T10:27:42.221+0000] {local_task_job_runner.py:120} INFO - ::group::Pre task execution logs
[2026-04-25T10:27:42.296+0000] {taskinstance.py:2076} INFO - Dependencies all met for dep_context=non-requeueable deps ti=<TaskInstance: file_etl_pipeline.load_task manual__2026-04-25T10:27:35.495897+00:00 [queued]>
[2026-04-25T10:27:42.307+0000] {taskinstance.py:2076} INFO - Dependencies all met for dep_context=requeueable deps ti=<TaskInstance: file_etl_pipeline.load_task manual__2026-04-25T10:27:35.495897+00:00 [queued]>
[2026-04-25T10:27:42.309+0000] {taskinstance.py:2306} INFO - Starting attempt 1 of 2
[2026-04-25T10:27:42.327+0000] {taskinstance.py:2330} INFO - Executing <Task(PythonOperator): load_task> on 2026-04-25 10:27:35.495897+00:00
[2026-04-25T10:27:42.344+0000] {logging_mixin.py:188} WARNING - /home/***/.local/lib/python3.12/site-packages/***/task/task_runner/standard_task_runner.py:62 DeprecationWarning: This process (pid=200) is multi-threaded, use of fork() may lead to deadlocks in the child.
[2026-04-25T10:27:42.341+0000] {standard_task_runner.py:90} INFO - Running: ['***', 'tasks', 'run', 'file_etl_pipeline', 'load_task', 'manual__2026-04-25T10:27:35.495897+00:00', '--job-id', '8', '--raw', '--subdir', 'DAGS_FOLDER/file_etl_dag.py', '--cfg-path', '/tmp/tmpdtbz6dzh']
[2026-04-25T10:27:42.345+0000] {standard_task_runner.py:64} INFO - Started process 202 to run task
[2026-04-25T10:27:42.346+0000] {standard_task_runner.py:91} INFO - Job 8: Subtask load_task
[2026-04-25T10:27:42.475+0000] {task_command.py:426} INFO - Running <TaskInstance: file_etl_pipeline.load_task manual__2026-04-25T10:27:35.495897+00:00 [running]> on host a3cbb1fd0c20
[2026-04-25T10:27:42.682+0000] {taskinstance.py:2648} INFO - Exporting env vars: AIRFLOW_CTX_DAG_OWNER='team_project' AIRFLOW_CTX_DAG_ID='file_etl_pipeline' AIRFLOW_CTX_TASK_ID='load_task' AIRFLOW_CTX_EXECUTION_DATE='2026-04-25T10:27:35.495897+00:00' AIRFLOW_CTX_TRY_NUMBER='1' AIRFLOW_CTX_DAG_RUN_ID='manual__2026-04-25T10:27:35.495897+00:00'
[2026-04-25T10:27:42.683+0000] {taskinstance.py:430} INFO - ::endgroup::
[2026-04-25T10:27:43.036+0000] {load.py:29} INFO - Data loaded successfully to: /opt/***/data/output/transformed_customers_20260425_102742.csv
[2026-04-25T10:27:43.038+0000] {load.py:30} INFO - Saved 5 records, 10 columns
[2026-04-25T10:27:43.047+0000] {python.py:237} INFO - Done. Returned value was: Loaded 5 records to /opt/***/data/output/transformed_customers_20260425_102742.csv
[2026-04-25T10:27:43.048+0000] {taskinstance.py:441} INFO - ::group::Post task execution logs
[2026-04-25T10:27:43.142+0000] {taskinstance.py:1206} INFO - Marking task as SUCCESS. dag_id=file_etl_pipeline, task_id=load_task, run_id=manual__2026-04-25T10:27:35.495897+00:00, execution_date=20260425T102735, start_date=20260425T102742, end_date=20260425T102743
[2026-04-25T10:27:43.205+0000] {local_task_job_runner.py:243} INFO - Task exited with return code 0
[2026-04-25T10:27:43.267+0000] {taskinstance.py:3503} INFO - 0 downstream tasks scheduled from follow-on schedule check
[2026-04-25T10:27:43.273+0000] {local_task_job_runner.py:222} INFO - ::endgroup::
