[2026-04-27T06:27:52.965+0000] {processor.py:161} INFO - Started process (PID=163) to work on /opt/airflow/dags/file_etl_dag.py
[2026-04-27T06:27:52.966+0000] {processor.py:830} INFO - Processing file /opt/airflow/dags/file_etl_dag.py for tasks to queue
[2026-04-27T06:27:52.970+0000] {logging_mixin.py:188} INFO - [2026-04-27T06:27:52.969+0000] {dagbag.py:545} INFO - Filling up the DagBag from /opt/airflow/dags/file_etl_dag.py
[2026-04-27T06:27:54.870+0000] {processor.py:840} INFO - DAG(s) 'file_etl_pipeline' retrieved from /opt/airflow/dags/file_etl_dag.py
[2026-04-27T06:27:54.931+0000] {logging_mixin.py:188} INFO - [2026-04-27T06:27:54.930+0000] {dag.py:3089} INFO - Sync 1 DAGs
[2026-04-27T06:27:54.978+0000] {logging_mixin.py:188} INFO - [2026-04-27T06:27:54.977+0000] {dag.py:3947} INFO - Setting next_dagrun for file_etl_pipeline to 2026-04-27 00:00:00+00:00, run_after=2026-04-28 00:00:00+00:00
[2026-04-27T06:27:55.013+0000] {processor.py:183} INFO - Processing /opt/airflow/dags/file_etl_dag.py took 2.059 seconds
[2026-04-27T06:28:25.248+0000] {processor.py:161} INFO - Started process (PID=179) to work on /opt/airflow/dags/file_etl_dag.py
[2026-04-27T06:28:25.250+0000] {processor.py:830} INFO - Processing file /opt/airflow/dags/file_etl_dag.py for tasks to queue
[2026-04-27T06:28:25.254+0000] {logging_mixin.py:188} INFO - [2026-04-27T06:28:25.254+0000] {dagbag.py:545} INFO - Filling up the DagBag from /opt/airflow/dags/file_etl_dag.py
[2026-04-27T06:28:26.188+0000] {processor.py:840} INFO - DAG(s) 'file_etl_pipeline' retrieved from /opt/airflow/dags/file_etl_dag.py
[2026-04-27T06:28:26.274+0000] {logging_mixin.py:188} INFO - [2026-04-27T06:28:26.273+0000] {dag.py:3089} INFO - Sync 1 DAGs
[2026-04-27T06:28:26.353+0000] {logging_mixin.py:188} INFO - [2026-04-27T06:28:26.353+0000] {dag.py:3947} INFO - Setting next_dagrun for file_etl_pipeline to 2026-04-27 00:00:00+00:00, run_after=2026-04-28 00:00:00+00:00
[2026-04-27T06:28:26.420+0000] {processor.py:183} INFO - Processing /opt/airflow/dags/file_etl_dag.py took 1.183 seconds
[2026-04-27T06:28:56.701+0000] {processor.py:161} INFO - Started process (PID=185) to work on /opt/airflow/dags/file_etl_dag.py
[2026-04-27T06:28:56.703+0000] {processor.py:830} INFO - Processing file /opt/airflow/dags/file_etl_dag.py for tasks to queue
[2026-04-27T06:28:56.708+0000] {logging_mixin.py:188} INFO - [2026-04-27T06:28:56.708+0000] {dagbag.py:545} INFO - Filling up the DagBag from /opt/airflow/dags/file_etl_dag.py
[2026-04-27T06:28:57.405+0000] {processor.py:840} INFO - DAG(s) 'file_etl_pipeline' retrieved from /opt/airflow/dags/file_etl_dag.py
[2026-04-27T06:28:57.437+0000] {logging_mixin.py:188} INFO - [2026-04-27T06:28:57.437+0000] {dag.py:3089} INFO - Sync 1 DAGs
[2026-04-27T06:28:57.472+0000] {logging_mixin.py:188} INFO - [2026-04-27T06:28:57.472+0000] {dag.py:3947} INFO - Setting next_dagrun for file_etl_pipeline to 2026-04-27 00:00:00+00:00, run_after=2026-04-28 00:00:00+00:00
[2026-04-27T06:28:57.503+0000] {processor.py:183} INFO - Processing /opt/airflow/dags/file_etl_dag.py took 0.814 seconds
[2026-04-27T06:29:27.685+0000] {processor.py:161} INFO - Started process (PID=191) to work on /opt/airflow/dags/file_etl_dag.py
[2026-04-27T06:29:27.687+0000] {processor.py:830} INFO - Processing file /opt/airflow/dags/file_etl_dag.py for tasks to queue
[2026-04-27T06:29:27.689+0000] {logging_mixin.py:188} INFO - [2026-04-27T06:29:27.689+0000] {dagbag.py:545} INFO - Filling up the DagBag from /opt/airflow/dags/file_etl_dag.py
[2026-04-27T06:29:28.240+0000] {processor.py:840} INFO - DAG(s) 'file_etl_pipeline' retrieved from /opt/airflow/dags/file_etl_dag.py
[2026-04-27T06:29:28.281+0000] {logging_mixin.py:188} INFO - [2026-04-27T06:29:28.280+0000] {dag.py:3089} INFO - Sync 1 DAGs
[2026-04-27T06:29:28.338+0000] {logging_mixin.py:188} INFO - [2026-04-27T06:29:28.338+0000] {dag.py:3947} INFO - Setting next_dagrun for file_etl_pipeline to 2026-04-27 00:00:00+00:00, run_after=2026-04-28 00:00:00+00:00
[2026-04-27T06:29:28.377+0000] {processor.py:183} INFO - Processing /opt/airflow/dags/file_etl_dag.py took 0.701 seconds
[2026-04-27T06:29:58.671+0000] {processor.py:161} INFO - Started process (PID=197) to work on /opt/airflow/dags/file_etl_dag.py
[2026-04-27T06:29:58.673+0000] {processor.py:830} INFO - Processing file /opt/airflow/dags/file_etl_dag.py for tasks to queue
[2026-04-27T06:29:58.680+0000] {logging_mixin.py:188} INFO - [2026-04-27T06:29:58.677+0000] {dagbag.py:545} INFO - Filling up the DagBag from /opt/airflow/dags/file_etl_dag.py
[2026-04-27T06:29:59.240+0000] {processor.py:840} INFO - DAG(s) 'file_etl_pipeline' retrieved from /opt/airflow/dags/file_etl_dag.py
[2026-04-27T06:29:59.271+0000] {logging_mixin.py:188} INFO - [2026-04-27T06:29:59.271+0000] {dag.py:3089} INFO - Sync 1 DAGs
[2026-04-27T06:29:59.320+0000] {logging_mixin.py:188} INFO - [2026-04-27T06:29:59.320+0000] {dag.py:3947} INFO - Setting next_dagrun for file_etl_pipeline to 2026-04-27 00:00:00+00:00, run_after=2026-04-28 00:00:00+00:00
[2026-04-27T06:29:59.363+0000] {processor.py:183} INFO - Processing /opt/airflow/dags/file_etl_dag.py took 0.710 seconds
[2026-04-27T06:30:29.666+0000] {processor.py:161} INFO - Started process (PID=203) to work on /opt/airflow/dags/file_etl_dag.py
[2026-04-27T06:30:29.671+0000] {processor.py:830} INFO - Processing file /opt/airflow/dags/file_etl_dag.py for tasks to queue
[2026-04-27T06:30:29.680+0000] {logging_mixin.py:188} INFO - [2026-04-27T06:30:29.676+0000] {dagbag.py:545} INFO - Filling up the DagBag from /opt/airflow/dags/file_etl_dag.py
[2026-04-27T06:30:30.346+0000] {processor.py:840} INFO - DAG(s) 'file_etl_pipeline' retrieved from /opt/airflow/dags/file_etl_dag.py
[2026-04-27T06:30:30.384+0000] {logging_mixin.py:188} INFO - [2026-04-27T06:30:30.383+0000] {dag.py:3089} INFO - Sync 1 DAGs
[2026-04-27T06:30:30.434+0000] {logging_mixin.py:188} INFO - [2026-04-27T06:30:30.434+0000] {dag.py:3947} INFO - Setting next_dagrun for file_etl_pipeline to 2026-04-27 00:00:00+00:00, run_after=2026-04-28 00:00:00+00:00
[2026-04-27T06:30:30.537+0000] {processor.py:183} INFO - Processing /opt/airflow/dags/file_etl_dag.py took 0.900 seconds
[2026-04-27T06:31:00.859+0000] {processor.py:161} INFO - Started process (PID=209) to work on /opt/airflow/dags/file_etl_dag.py
[2026-04-27T06:31:00.863+0000] {processor.py:830} INFO - Processing file /opt/airflow/dags/file_etl_dag.py for tasks to queue
[2026-04-27T06:31:00.868+0000] {logging_mixin.py:188} INFO - [2026-04-27T06:31:00.867+0000] {dagbag.py:545} INFO - Filling up the DagBag from /opt/airflow/dags/file_etl_dag.py
[2026-04-27T06:31:01.534+0000] {processor.py:840} INFO - DAG(s) 'file_etl_pipeline' retrieved from /opt/airflow/dags/file_etl_dag.py
[2026-04-27T06:31:01.582+0000] {logging_mixin.py:188} INFO - [2026-04-27T06:31:01.582+0000] {dag.py:3089} INFO - Sync 1 DAGs
[2026-04-27T06:31:01.650+0000] {logging_mixin.py:188} INFO - [2026-04-27T06:31:01.650+0000] {dag.py:3947} INFO - Setting next_dagrun for file_etl_pipeline to 2026-04-27 00:00:00+00:00, run_after=2026-04-28 00:00:00+00:00
[2026-04-27T06:31:01.699+0000] {processor.py:183} INFO - Processing /opt/airflow/dags/file_etl_dag.py took 0.861 seconds
[2026-04-27T06:31:31.973+0000] {processor.py:161} INFO - Started process (PID=215) to work on /opt/airflow/dags/file_etl_dag.py
[2026-04-27T06:31:31.975+0000] {processor.py:830} INFO - Processing file /opt/airflow/dags/file_etl_dag.py for tasks to queue
[2026-04-27T06:31:31.978+0000] {logging_mixin.py:188} INFO - [2026-04-27T06:31:31.978+0000] {dagbag.py:545} INFO - Filling up the DagBag from /opt/airflow/dags/file_etl_dag.py
[2026-04-27T06:31:32.478+0000] {processor.py:840} INFO - DAG(s) 'file_etl_pipeline' retrieved from /opt/airflow/dags/file_etl_dag.py
[2026-04-27T06:31:32.525+0000] {logging_mixin.py:188} INFO - [2026-04-27T06:31:32.525+0000] {dag.py:3089} INFO - Sync 1 DAGs
[2026-04-27T06:31:32.566+0000] {logging_mixin.py:188} INFO - [2026-04-27T06:31:32.566+0000] {dag.py:3947} INFO - Setting next_dagrun for file_etl_pipeline to 2026-04-27 00:00:00+00:00, run_after=2026-04-28 00:00:00+00:00
[2026-04-27T06:31:32.617+0000] {processor.py:183} INFO - Processing /opt/airflow/dags/file_etl_dag.py took 0.655 seconds
[2026-04-27T06:32:02.810+0000] {processor.py:161} INFO - Started process (PID=221) to work on /opt/airflow/dags/file_etl_dag.py
[2026-04-27T06:32:02.814+0000] {processor.py:830} INFO - Processing file /opt/airflow/dags/file_etl_dag.py for tasks to queue
[2026-04-27T06:32:02.823+0000] {logging_mixin.py:188} INFO - [2026-04-27T06:32:02.822+0000] {dagbag.py:545} INFO - Filling up the DagBag from /opt/airflow/dags/file_etl_dag.py
[2026-04-27T06:32:03.482+0000] {processor.py:840} INFO - DAG(s) 'file_etl_pipeline' retrieved from /opt/airflow/dags/file_etl_dag.py
[2026-04-27T06:32:03.513+0000] {logging_mixin.py:188} INFO - [2026-04-27T06:32:03.512+0000] {dag.py:3089} INFO - Sync 1 DAGs
[2026-04-27T06:32:03.553+0000] {logging_mixin.py:188} INFO - [2026-04-27T06:32:03.553+0000] {dag.py:3947} INFO - Setting next_dagrun for file_etl_pipeline to 2026-04-27 00:00:00+00:00, run_after=2026-04-28 00:00:00+00:00
[2026-04-27T06:32:03.598+0000] {processor.py:183} INFO - Processing /opt/airflow/dags/file_etl_dag.py took 0.807 seconds
[2026-04-27T06:32:33.893+0000] {processor.py:161} INFO - Started process (PID=227) to work on /opt/airflow/dags/file_etl_dag.py
[2026-04-27T06:32:33.895+0000] {processor.py:830} INFO - Processing file /opt/airflow/dags/file_etl_dag.py for tasks to queue
[2026-04-27T06:32:33.898+0000] {logging_mixin.py:188} INFO - [2026-04-27T06:32:33.898+0000] {dagbag.py:545} INFO - Filling up the DagBag from /opt/airflow/dags/file_etl_dag.py
[2026-04-27T06:32:34.440+0000] {processor.py:840} INFO - DAG(s) 'file_etl_pipeline' retrieved from /opt/airflow/dags/file_etl_dag.py
[2026-04-27T06:32:34.468+0000] {logging_mixin.py:188} INFO - [2026-04-27T06:32:34.467+0000] {dag.py:3089} INFO - Sync 1 DAGs
[2026-04-27T06:32:34.513+0000] {logging_mixin.py:188} INFO - [2026-04-27T06:32:34.513+0000] {dag.py:3947} INFO - Setting next_dagrun for file_etl_pipeline to 2026-04-27 00:00:00+00:00, run_after=2026-04-28 00:00:00+00:00
[2026-04-27T06:32:34.553+0000] {processor.py:183} INFO - Processing /opt/airflow/dags/file_etl_dag.py took 0.669 seconds
[2026-04-27T06:33:04.831+0000] {processor.py:161} INFO - Started process (PID=233) to work on /opt/airflow/dags/file_etl_dag.py
[2026-04-27T06:33:04.833+0000] {processor.py:830} INFO - Processing file /opt/airflow/dags/file_etl_dag.py for tasks to queue
[2026-04-27T06:33:04.835+0000] {logging_mixin.py:188} INFO - [2026-04-27T06:33:04.835+0000] {dagbag.py:545} INFO - Filling up the DagBag from /opt/airflow/dags/file_etl_dag.py
[2026-04-27T06:33:05.363+0000] {processor.py:840} INFO - DAG(s) 'file_etl_pipeline' retrieved from /opt/airflow/dags/file_etl_dag.py
[2026-04-27T06:33:05.396+0000] {logging_mixin.py:188} INFO - [2026-04-27T06:33:05.395+0000] {dag.py:3089} INFO - Sync 1 DAGs
[2026-04-27T06:33:05.438+0000] {logging_mixin.py:188} INFO - [2026-04-27T06:33:05.438+0000] {dag.py:3947} INFO - Setting next_dagrun for file_etl_pipeline to 2026-04-27 00:00:00+00:00, run_after=2026-04-28 00:00:00+00:00
[2026-04-27T06:33:05.472+0000] {processor.py:183} INFO - Processing /opt/airflow/dags/file_etl_dag.py took 0.650 seconds
[2026-04-27T06:33:35.604+0000] {processor.py:161} INFO - Started process (PID=239) to work on /opt/airflow/dags/file_etl_dag.py
[2026-04-27T06:33:35.606+0000] {processor.py:830} INFO - Processing file /opt/airflow/dags/file_etl_dag.py for tasks to queue
[2026-04-27T06:33:35.609+0000] {logging_mixin.py:188} INFO - [2026-04-27T06:33:35.609+0000] {dagbag.py:545} INFO - Filling up the DagBag from /opt/airflow/dags/file_etl_dag.py
[2026-04-27T06:33:36.220+0000] {processor.py:840} INFO - DAG(s) 'file_etl_pipeline' retrieved from /opt/airflow/dags/file_etl_dag.py
[2026-04-27T06:33:36.247+0000] {logging_mixin.py:188} INFO - [2026-04-27T06:33:36.246+0000] {dag.py:3089} INFO - Sync 1 DAGs
[2026-04-27T06:33:36.285+0000] {logging_mixin.py:188} INFO - [2026-04-27T06:33:36.284+0000] {dag.py:3947} INFO - Setting next_dagrun for file_etl_pipeline to 2026-04-27 00:00:00+00:00, run_after=2026-04-28 00:00:00+00:00
[2026-04-27T06:33:36.317+0000] {processor.py:183} INFO - Processing /opt/airflow/dags/file_etl_dag.py took 0.724 seconds
[2026-04-27T06:34:06.621+0000] {processor.py:161} INFO - Started process (PID=245) to work on /opt/airflow/dags/file_etl_dag.py
[2026-04-27T06:34:06.624+0000] {processor.py:830} INFO - Processing file /opt/airflow/dags/file_etl_dag.py for tasks to queue
[2026-04-27T06:34:06.630+0000] {logging_mixin.py:188} INFO - [2026-04-27T06:34:06.628+0000] {dagbag.py:545} INFO - Filling up the DagBag from /opt/airflow/dags/file_etl_dag.py
[2026-04-27T06:34:07.321+0000] {processor.py:840} INFO - DAG(s) 'file_etl_pipeline' retrieved from /opt/airflow/dags/file_etl_dag.py
[2026-04-27T06:34:07.366+0000] {logging_mixin.py:188} INFO - [2026-04-27T06:34:07.365+0000] {dag.py:3089} INFO - Sync 1 DAGs
[2026-04-27T06:34:07.431+0000] {logging_mixin.py:188} INFO - [2026-04-27T06:34:07.431+0000] {dag.py:3947} INFO - Setting next_dagrun for file_etl_pipeline to 2026-04-27 00:00:00+00:00, run_after=2026-04-28 00:00:00+00:00
[2026-04-27T06:34:07.474+0000] {processor.py:183} INFO - Processing /opt/airflow/dags/file_etl_dag.py took 0.867 seconds
[2026-04-27T06:34:37.812+0000] {processor.py:161} INFO - Started process (PID=251) to work on /opt/airflow/dags/file_etl_dag.py
[2026-04-27T06:34:37.814+0000] {processor.py:830} INFO - Processing file /opt/airflow/dags/file_etl_dag.py for tasks to queue
[2026-04-27T06:34:37.817+0000] {logging_mixin.py:188} INFO - [2026-04-27T06:34:37.817+0000] {dagbag.py:545} INFO - Filling up the DagBag from /opt/airflow/dags/file_etl_dag.py
[2026-04-27T06:34:38.460+0000] {processor.py:840} INFO - DAG(s) 'file_etl_pipeline' retrieved from /opt/airflow/dags/file_etl_dag.py
[2026-04-27T06:34:38.494+0000] {logging_mixin.py:188} INFO - [2026-04-27T06:34:38.493+0000] {dag.py:3089} INFO - Sync 1 DAGs
[2026-04-27T06:34:38.540+0000] {logging_mixin.py:188} INFO - [2026-04-27T06:34:38.539+0000] {dag.py:3947} INFO - Setting next_dagrun for file_etl_pipeline to 2026-04-27 00:00:00+00:00, run_after=2026-04-28 00:00:00+00:00
[2026-04-27T06:34:38.577+0000] {processor.py:183} INFO - Processing /opt/airflow/dags/file_etl_dag.py took 0.775 seconds
[2026-04-27T06:35:08.877+0000] {processor.py:161} INFO - Started process (PID=257) to work on /opt/airflow/dags/file_etl_dag.py
[2026-04-27T06:35:08.879+0000] {processor.py:830} INFO - Processing file /opt/airflow/dags/file_etl_dag.py for tasks to queue
[2026-04-27T06:35:08.884+0000] {logging_mixin.py:188} INFO - [2026-04-27T06:35:08.883+0000] {dagbag.py:545} INFO - Filling up the DagBag from /opt/airflow/dags/file_etl_dag.py
[2026-04-27T06:35:09.385+0000] {processor.py:840} INFO - DAG(s) 'file_etl_pipeline' retrieved from /opt/airflow/dags/file_etl_dag.py
[2026-04-27T06:35:09.416+0000] {logging_mixin.py:188} INFO - [2026-04-27T06:35:09.416+0000] {dag.py:3089} INFO - Sync 1 DAGs
[2026-04-27T06:35:09.466+0000] {logging_mixin.py:188} INFO - [2026-04-27T06:35:09.465+0000] {dag.py:3947} INFO - Setting next_dagrun for file_etl_pipeline to 2026-04-27 00:00:00+00:00, run_after=2026-04-28 00:00:00+00:00
[2026-04-27T06:35:09.715+0000] {processor.py:183} INFO - Processing /opt/airflow/dags/file_etl_dag.py took 0.855 seconds
[2026-04-27T06:35:40.024+0000] {processor.py:161} INFO - Started process (PID=263) to work on /opt/airflow/dags/file_etl_dag.py
[2026-04-27T06:35:40.026+0000] {processor.py:830} INFO - Processing file /opt/airflow/dags/file_etl_dag.py for tasks to queue
[2026-04-27T06:35:40.032+0000] {logging_mixin.py:188} INFO - [2026-04-27T06:35:40.032+0000] {dagbag.py:545} INFO - Filling up the DagBag from /opt/airflow/dags/file_etl_dag.py
[2026-04-27T06:35:40.738+0000] {processor.py:840} INFO - DAG(s) 'file_etl_pipeline' retrieved from /opt/airflow/dags/file_etl_dag.py
[2026-04-27T06:35:40.802+0000] {logging_mixin.py:188} INFO - [2026-04-27T06:35:40.801+0000] {dag.py:3089} INFO - Sync 1 DAGs
[2026-04-27T06:35:40.899+0000] {logging_mixin.py:188} INFO - [2026-04-27T06:35:40.898+0000] {dag.py:3947} INFO - Setting next_dagrun for file_etl_pipeline to 2026-04-27 00:00:00+00:00, run_after=2026-04-28 00:00:00+00:00
[2026-04-27T06:35:41.016+0000] {processor.py:183} INFO - Processing /opt/airflow/dags/file_etl_dag.py took 1.010 seconds
[2026-04-27T06:36:11.292+0000] {processor.py:161} INFO - Started process (PID=269) to work on /opt/airflow/dags/file_etl_dag.py
[2026-04-27T06:36:11.321+0000] {processor.py:830} INFO - Processing file /opt/airflow/dags/file_etl_dag.py for tasks to queue
[2026-04-27T06:36:11.327+0000] {logging_mixin.py:188} INFO - [2026-04-27T06:36:11.326+0000] {dagbag.py:545} INFO - Filling up the DagBag from /opt/airflow/dags/file_etl_dag.py
[2026-04-27T06:36:12.004+0000] {processor.py:840} INFO - DAG(s) 'file_etl_pipeline' retrieved from /opt/airflow/dags/file_etl_dag.py
[2026-04-27T06:36:12.043+0000] {logging_mixin.py:188} INFO - [2026-04-27T06:36:12.043+0000] {dag.py:3089} INFO - Sync 1 DAGs
[2026-04-27T06:36:12.121+0000] {logging_mixin.py:188} INFO - [2026-04-27T06:36:12.121+0000] {dag.py:3947} INFO - Setting next_dagrun for file_etl_pipeline to 2026-04-27 00:00:00+00:00, run_after=2026-04-28 00:00:00+00:00
[2026-04-27T06:36:12.201+0000] {processor.py:183} INFO - Processing /opt/airflow/dags/file_etl_dag.py took 0.919 seconds
[2026-04-27T06:36:42.563+0000] {processor.py:161} INFO - Started process (PID=275) to work on /opt/airflow/dags/file_etl_dag.py
[2026-04-27T06:36:42.565+0000] {processor.py:830} INFO - Processing file /opt/airflow/dags/file_etl_dag.py for tasks to queue
[2026-04-27T06:36:42.569+0000] {logging_mixin.py:188} INFO - [2026-04-27T06:36:42.568+0000] {dagbag.py:545} INFO - Filling up the DagBag from /opt/airflow/dags/file_etl_dag.py
[2026-04-27T06:36:43.177+0000] {processor.py:840} INFO - DAG(s) 'file_etl_pipeline' retrieved from /opt/airflow/dags/file_etl_dag.py
[2026-04-27T06:36:43.213+0000] {logging_mixin.py:188} INFO - [2026-04-27T06:36:43.212+0000] {dag.py:3089} INFO - Sync 1 DAGs
[2026-04-27T06:36:43.260+0000] {logging_mixin.py:188} INFO - [2026-04-27T06:36:43.260+0000] {dag.py:3947} INFO - Setting next_dagrun for file_etl_pipeline to 2026-04-27 00:00:00+00:00, run_after=2026-04-28 00:00:00+00:00
[2026-04-27T06:36:43.303+0000] {processor.py:183} INFO - Processing /opt/airflow/dags/file_etl_dag.py took 0.750 seconds
[2026-04-27T06:37:13.616+0000] {processor.py:161} INFO - Started process (PID=281) to work on /opt/airflow/dags/file_etl_dag.py
[2026-04-27T06:37:13.618+0000] {processor.py:830} INFO - Processing file /opt/airflow/dags/file_etl_dag.py for tasks to queue
[2026-04-27T06:37:13.622+0000] {logging_mixin.py:188} INFO - [2026-04-27T06:37:13.622+0000] {dagbag.py:545} INFO - Filling up the DagBag from /opt/airflow/dags/file_etl_dag.py
[2026-04-27T06:37:14.195+0000] {processor.py:840} INFO - DAG(s) 'file_etl_pipeline' retrieved from /opt/airflow/dags/file_etl_dag.py
[2026-04-27T06:37:14.228+0000] {logging_mixin.py:188} INFO - [2026-04-27T06:37:14.227+0000] {dag.py:3089} INFO - Sync 1 DAGs
[2026-04-27T06:37:14.278+0000] {logging_mixin.py:188} INFO - [2026-04-27T06:37:14.278+0000] {dag.py:3947} INFO - Setting next_dagrun for file_etl_pipeline to 2026-04-27 00:00:00+00:00, run_after=2026-04-28 00:00:00+00:00
[2026-04-27T06:37:14.320+0000] {processor.py:183} INFO - Processing /opt/airflow/dags/file_etl_dag.py took 0.714 seconds
[2026-04-27T06:37:44.616+0000] {processor.py:161} INFO - Started process (PID=287) to work on /opt/airflow/dags/file_etl_dag.py
[2026-04-27T06:37:44.618+0000] {processor.py:830} INFO - Processing file /opt/airflow/dags/file_etl_dag.py for tasks to queue
[2026-04-27T06:37:44.623+0000] {logging_mixin.py:188} INFO - [2026-04-27T06:37:44.622+0000] {dagbag.py:545} INFO - Filling up the DagBag from /opt/airflow/dags/file_etl_dag.py
[2026-04-27T06:37:45.218+0000] {processor.py:840} INFO - DAG(s) 'file_etl_pipeline' retrieved from /opt/airflow/dags/file_etl_dag.py
[2026-04-27T06:37:45.248+0000] {logging_mixin.py:188} INFO - [2026-04-27T06:37:45.248+0000] {dag.py:3089} INFO - Sync 1 DAGs
[2026-04-27T06:37:45.294+0000] {logging_mixin.py:188} INFO - [2026-04-27T06:37:45.294+0000] {dag.py:3947} INFO - Setting next_dagrun for file_etl_pipeline to 2026-04-27 00:00:00+00:00, run_after=2026-04-28 00:00:00+00:00
[2026-04-27T06:37:45.332+0000] {processor.py:183} INFO - Processing /opt/airflow/dags/file_etl_dag.py took 0.726 seconds
[2026-04-27T06:38:15.699+0000] {processor.py:161} INFO - Started process (PID=293) to work on /opt/airflow/dags/file_etl_dag.py
[2026-04-27T06:38:15.701+0000] {processor.py:830} INFO - Processing file /opt/airflow/dags/file_etl_dag.py for tasks to queue
[2026-04-27T06:38:15.704+0000] {logging_mixin.py:188} INFO - [2026-04-27T06:38:15.704+0000] {dagbag.py:545} INFO - Filling up the DagBag from /opt/airflow/dags/file_etl_dag.py
[2026-04-27T06:38:16.298+0000] {processor.py:840} INFO - DAG(s) 'file_etl_pipeline' retrieved from /opt/airflow/dags/file_etl_dag.py
[2026-04-27T06:38:16.334+0000] {logging_mixin.py:188} INFO - [2026-04-27T06:38:16.334+0000] {dag.py:3089} INFO - Sync 1 DAGs
[2026-04-27T06:38:16.380+0000] {logging_mixin.py:188} INFO - [2026-04-27T06:38:16.380+0000] {dag.py:3947} INFO - Setting next_dagrun for file_etl_pipeline to 2026-04-27 00:00:00+00:00, run_after=2026-04-28 00:00:00+00:00
[2026-04-27T06:38:16.416+0000] {processor.py:183} INFO - Processing /opt/airflow/dags/file_etl_dag.py took 0.726 seconds
[2026-04-27T06:38:46.723+0000] {processor.py:161} INFO - Started process (PID=299) to work on /opt/airflow/dags/file_etl_dag.py
[2026-04-27T06:38:46.725+0000] {processor.py:830} INFO - Processing file /opt/airflow/dags/file_etl_dag.py for tasks to queue
[2026-04-27T06:38:46.729+0000] {logging_mixin.py:188} INFO - [2026-04-27T06:38:46.729+0000] {dagbag.py:545} INFO - Filling up the DagBag from /opt/airflow/dags/file_etl_dag.py
[2026-04-27T06:38:47.367+0000] {processor.py:840} INFO - DAG(s) 'file_etl_pipeline' retrieved from /opt/airflow/dags/file_etl_dag.py
[2026-04-27T06:38:47.398+0000] {logging_mixin.py:188} INFO - [2026-04-27T06:38:47.397+0000] {dag.py:3089} INFO - Sync 1 DAGs
[2026-04-27T06:38:47.442+0000] {logging_mixin.py:188} INFO - [2026-04-27T06:38:47.441+0000] {dag.py:3947} INFO - Setting next_dagrun for file_etl_pipeline to 2026-04-27 00:00:00+00:00, run_after=2026-04-28 00:00:00+00:00
[2026-04-27T06:38:47.476+0000] {processor.py:183} INFO - Processing /opt/airflow/dags/file_etl_dag.py took 0.768 seconds
[2026-04-27T06:39:17.651+0000] {processor.py:161} INFO - Started process (PID=305) to work on /opt/airflow/dags/file_etl_dag.py
[2026-04-27T06:39:17.653+0000] {processor.py:830} INFO - Processing file /opt/airflow/dags/file_etl_dag.py for tasks to queue
[2026-04-27T06:39:17.656+0000] {logging_mixin.py:188} INFO - [2026-04-27T06:39:17.655+0000] {dagbag.py:545} INFO - Filling up the DagBag from /opt/airflow/dags/file_etl_dag.py
[2026-04-27T06:39:18.210+0000] {processor.py:840} INFO - DAG(s) 'file_etl_pipeline' retrieved from /opt/airflow/dags/file_etl_dag.py
[2026-04-27T06:39:18.238+0000] {logging_mixin.py:188} INFO - [2026-04-27T06:39:18.237+0000] {dag.py:3089} INFO - Sync 1 DAGs
[2026-04-27T06:39:18.272+0000] {logging_mixin.py:188} INFO - [2026-04-27T06:39:18.272+0000] {dag.py:3947} INFO - Setting next_dagrun for file_etl_pipeline to 2026-04-27 00:00:00+00:00, run_after=2026-04-28 00:00:00+00:00
[2026-04-27T06:39:18.309+0000] {processor.py:183} INFO - Processing /opt/airflow/dags/file_etl_dag.py took 0.667 seconds
[2026-04-27T06:39:48.630+0000] {processor.py:161} INFO - Started process (PID=311) to work on /opt/airflow/dags/file_etl_dag.py
[2026-04-27T06:39:48.633+0000] {processor.py:830} INFO - Processing file /opt/airflow/dags/file_etl_dag.py for tasks to queue
[2026-04-27T06:39:48.638+0000] {logging_mixin.py:188} INFO - [2026-04-27T06:39:48.638+0000] {dagbag.py:545} INFO - Filling up the DagBag from /opt/airflow/dags/file_etl_dag.py
[2026-04-27T06:39:49.375+0000] {processor.py:840} INFO - DAG(s) 'file_etl_pipeline' retrieved from /opt/airflow/dags/file_etl_dag.py
[2026-04-27T06:39:49.404+0000] {logging_mixin.py:188} INFO - [2026-04-27T06:39:49.404+0000] {dag.py:3089} INFO - Sync 1 DAGs
[2026-04-27T06:39:49.444+0000] {logging_mixin.py:188} INFO - [2026-04-27T06:39:49.444+0000] {dag.py:3947} INFO - Setting next_dagrun for file_etl_pipeline to 2026-04-27 00:00:00+00:00, run_after=2026-04-28 00:00:00+00:00
[2026-04-27T06:39:49.477+0000] {processor.py:183} INFO - Processing /opt/airflow/dags/file_etl_dag.py took 0.863 seconds
[2026-04-27T06:40:19.785+0000] {processor.py:161} INFO - Started process (PID=317) to work on /opt/airflow/dags/file_etl_dag.py
[2026-04-27T06:40:19.788+0000] {processor.py:830} INFO - Processing file /opt/airflow/dags/file_etl_dag.py for tasks to queue
[2026-04-27T06:40:19.792+0000] {logging_mixin.py:188} INFO - [2026-04-27T06:40:19.791+0000] {dagbag.py:545} INFO - Filling up the DagBag from /opt/airflow/dags/file_etl_dag.py
[2026-04-27T06:40:20.322+0000] {processor.py:840} INFO - DAG(s) 'file_etl_pipeline' retrieved from /opt/airflow/dags/file_etl_dag.py
[2026-04-27T06:40:20.350+0000] {logging_mixin.py:188} INFO - [2026-04-27T06:40:20.350+0000] {dag.py:3089} INFO - Sync 1 DAGs
[2026-04-27T06:40:20.386+0000] {logging_mixin.py:188} INFO - [2026-04-27T06:40:20.385+0000] {dag.py:3947} INFO - Setting next_dagrun for file_etl_pipeline to 2026-04-27 00:00:00+00:00, run_after=2026-04-28 00:00:00+00:00
[2026-04-27T06:40:20.416+0000] {processor.py:183} INFO - Processing /opt/airflow/dags/file_etl_dag.py took 0.644 seconds
[2026-04-27T06:40:50.690+0000] {processor.py:161} INFO - Started process (PID=323) to work on /opt/airflow/dags/file_etl_dag.py
[2026-04-27T06:40:50.692+0000] {processor.py:830} INFO - Processing file /opt/airflow/dags/file_etl_dag.py for tasks to queue
[2026-04-27T06:40:50.695+0000] {logging_mixin.py:188} INFO - [2026-04-27T06:40:50.694+0000] {dagbag.py:545} INFO - Filling up the DagBag from /opt/airflow/dags/file_etl_dag.py
[2026-04-27T06:40:51.190+0000] {processor.py:840} INFO - DAG(s) 'file_etl_pipeline' retrieved from /opt/airflow/dags/file_etl_dag.py
[2026-04-27T06:40:51.221+0000] {logging_mixin.py:188} INFO - [2026-04-27T06:40:51.221+0000] {dag.py:3089} INFO - Sync 1 DAGs
[2026-04-27T06:40:51.258+0000] {logging_mixin.py:188} INFO - [2026-04-27T06:40:51.258+0000] {dag.py:3947} INFO - Setting next_dagrun for file_etl_pipeline to 2026-04-27 00:00:00+00:00, run_after=2026-04-28 00:00:00+00:00
[2026-04-27T06:40:51.293+0000] {processor.py:183} INFO - Processing /opt/airflow/dags/file_etl_dag.py took 0.611 seconds
[2026-04-27T06:41:21.597+0000] {processor.py:161} INFO - Started process (PID=329) to work on /opt/airflow/dags/file_etl_dag.py
[2026-04-27T06:41:21.600+0000] {processor.py:830} INFO - Processing file /opt/airflow/dags/file_etl_dag.py for tasks to queue
[2026-04-27T06:41:21.603+0000] {logging_mixin.py:188} INFO - [2026-04-27T06:41:21.603+0000] {dagbag.py:545} INFO - Filling up the DagBag from /opt/airflow/dags/file_etl_dag.py
[2026-04-27T06:41:22.224+0000] {processor.py:840} INFO - DAG(s) 'file_etl_pipeline' retrieved from /opt/airflow/dags/file_etl_dag.py
[2026-04-27T06:41:22.262+0000] {logging_mixin.py:188} INFO - [2026-04-27T06:41:22.261+0000] {dag.py:3089} INFO - Sync 1 DAGs
[2026-04-27T06:41:22.315+0000] {logging_mixin.py:188} INFO - [2026-04-27T06:41:22.314+0000] {dag.py:3947} INFO - Setting next_dagrun for file_etl_pipeline to 2026-04-27 00:00:00+00:00, run_after=2026-04-28 00:00:00+00:00
[2026-04-27T06:41:22.607+0000] {processor.py:183} INFO - Processing /opt/airflow/dags/file_etl_dag.py took 1.020 seconds
[2026-04-27T06:41:52.845+0000] {processor.py:161} INFO - Started process (PID=335) to work on /opt/airflow/dags/file_etl_dag.py
[2026-04-27T06:41:52.847+0000] {processor.py:830} INFO - Processing file /opt/airflow/dags/file_etl_dag.py for tasks to queue
[2026-04-27T06:41:52.852+0000] {logging_mixin.py:188} INFO - [2026-04-27T06:41:52.851+0000] {dagbag.py:545} INFO - Filling up the DagBag from /opt/airflow/dags/file_etl_dag.py
[2026-04-27T06:41:53.687+0000] {processor.py:840} INFO - DAG(s) 'file_etl_pipeline' retrieved from /opt/airflow/dags/file_etl_dag.py
[2026-04-27T06:41:53.731+0000] {logging_mixin.py:188} INFO - [2026-04-27T06:41:53.731+0000] {dag.py:3089} INFO - Sync 1 DAGs
[2026-04-27T06:41:53.787+0000] {logging_mixin.py:188} INFO - [2026-04-27T06:41:53.787+0000] {dag.py:3947} INFO - Setting next_dagrun for file_etl_pipeline to 2026-04-27 00:00:00+00:00, run_after=2026-04-28 00:00:00+00:00
[2026-04-27T06:41:53.836+0000] {processor.py:183} INFO - Processing /opt/airflow/dags/file_etl_dag.py took 1.004 seconds
[2026-04-27T06:42:24.229+0000] {processor.py:161} INFO - Started process (PID=341) to work on /opt/airflow/dags/file_etl_dag.py
[2026-04-27T06:42:24.233+0000] {processor.py:830} INFO - Processing file /opt/airflow/dags/file_etl_dag.py for tasks to queue
[2026-04-27T06:42:24.283+0000] {logging_mixin.py:188} INFO - [2026-04-27T06:42:24.282+0000] {dagbag.py:545} INFO - Filling up the DagBag from /opt/airflow/dags/file_etl_dag.py
[2026-04-27T06:42:25.123+0000] {processor.py:840} INFO - DAG(s) 'file_etl_pipeline' retrieved from /opt/airflow/dags/file_etl_dag.py
[2026-04-27T06:42:25.158+0000] {logging_mixin.py:188} INFO - [2026-04-27T06:42:25.158+0000] {dag.py:3089} INFO - Sync 1 DAGs
[2026-04-27T06:42:25.207+0000] {logging_mixin.py:188} INFO - [2026-04-27T06:42:25.207+0000] {dag.py:3947} INFO - Setting next_dagrun for file_etl_pipeline to 2026-04-27 00:00:00+00:00, run_after=2026-04-28 00:00:00+00:00
[2026-04-27T06:42:25.250+0000] {processor.py:183} INFO - Processing /opt/airflow/dags/file_etl_dag.py took 1.044 seconds
[2026-04-27T06:42:55.522+0000] {processor.py:161} INFO - Started process (PID=347) to work on /opt/airflow/dags/file_etl_dag.py
[2026-04-27T06:42:55.525+0000] {processor.py:830} INFO - Processing file /opt/airflow/dags/file_etl_dag.py for tasks to queue
[2026-04-27T06:42:55.532+0000] {logging_mixin.py:188} INFO - [2026-04-27T06:42:55.531+0000] {dagbag.py:545} INFO - Filling up the DagBag from /opt/airflow/dags/file_etl_dag.py
[2026-04-27T06:42:56.477+0000] {processor.py:840} INFO - DAG(s) 'file_etl_pipeline' retrieved from /opt/airflow/dags/file_etl_dag.py
[2026-04-27T06:42:56.525+0000] {logging_mixin.py:188} INFO - [2026-04-27T06:42:56.524+0000] {dag.py:3089} INFO - Sync 1 DAGs
[2026-04-27T06:42:56.580+0000] {logging_mixin.py:188} INFO - [2026-04-27T06:42:56.579+0000] {dag.py:3947} INFO - Setting next_dagrun for file_etl_pipeline to 2026-04-27 00:00:00+00:00, run_after=2026-04-28 00:00:00+00:00
[2026-04-27T06:42:56.627+0000] {processor.py:183} INFO - Processing /opt/airflow/dags/file_etl_dag.py took 1.123 seconds
[2026-04-27T06:43:26.825+0000] {processor.py:161} INFO - Started process (PID=353) to work on /opt/airflow/dags/file_etl_dag.py
[2026-04-27T06:43:26.827+0000] {processor.py:830} INFO - Processing file /opt/airflow/dags/file_etl_dag.py for tasks to queue
[2026-04-27T06:43:26.833+0000] {logging_mixin.py:188} INFO - [2026-04-27T06:43:26.832+0000] {dagbag.py:545} INFO - Filling up the DagBag from /opt/airflow/dags/file_etl_dag.py
[2026-04-27T06:43:27.560+0000] {processor.py:840} INFO - DAG(s) 'file_etl_pipeline' retrieved from /opt/airflow/dags/file_etl_dag.py
[2026-04-27T06:43:27.595+0000] {logging_mixin.py:188} INFO - [2026-04-27T06:43:27.594+0000] {dag.py:3089} INFO - Sync 1 DAGs
[2026-04-27T06:43:27.645+0000] {logging_mixin.py:188} INFO - [2026-04-27T06:43:27.645+0000] {dag.py:3947} INFO - Setting next_dagrun for file_etl_pipeline to 2026-04-27 00:00:00+00:00, run_after=2026-04-28 00:00:00+00:00
[2026-04-27T06:43:27.681+0000] {processor.py:183} INFO - Processing /opt/airflow/dags/file_etl_dag.py took 0.874 seconds
[2026-04-27T06:43:58.208+0000] {processor.py:161} INFO - Started process (PID=359) to work on /opt/airflow/dags/file_etl_dag.py
[2026-04-27T06:43:58.214+0000] {processor.py:830} INFO - Processing file /opt/airflow/dags/file_etl_dag.py for tasks to queue
[2026-04-27T06:43:58.224+0000] {logging_mixin.py:188} INFO - [2026-04-27T06:43:58.223+0000] {dagbag.py:545} INFO - Filling up the DagBag from /opt/airflow/dags/file_etl_dag.py
[2026-04-27T06:43:58.916+0000] {processor.py:840} INFO - DAG(s) 'file_etl_pipeline' retrieved from /opt/airflow/dags/file_etl_dag.py
[2026-04-27T06:43:58.942+0000] {logging_mixin.py:188} INFO - [2026-04-27T06:43:58.942+0000] {dag.py:3089} INFO - Sync 1 DAGs
[2026-04-27T06:43:58.978+0000] {logging_mixin.py:188} INFO - [2026-04-27T06:43:58.977+0000] {dag.py:3947} INFO - Setting next_dagrun for file_etl_pipeline to 2026-04-27 00:00:00+00:00, run_after=2026-04-28 00:00:00+00:00
[2026-04-27T06:43:59.024+0000] {processor.py:183} INFO - Processing /opt/airflow/dags/file_etl_dag.py took 0.835 seconds
[2026-04-27T06:44:29.368+0000] {processor.py:161} INFO - Started process (PID=365) to work on /opt/airflow/dags/file_etl_dag.py
[2026-04-27T06:44:29.374+0000] {processor.py:830} INFO - Processing file /opt/airflow/dags/file_etl_dag.py for tasks to queue
[2026-04-27T06:44:29.382+0000] {logging_mixin.py:188} INFO - [2026-04-27T06:44:29.381+0000] {dagbag.py:545} INFO - Filling up the DagBag from /opt/airflow/dags/file_etl_dag.py
[2026-04-27T06:44:30.161+0000] {processor.py:840} INFO - DAG(s) 'file_etl_pipeline' retrieved from /opt/airflow/dags/file_etl_dag.py
[2026-04-27T06:44:30.196+0000] {logging_mixin.py:188} INFO - [2026-04-27T06:44:30.196+0000] {dag.py:3089} INFO - Sync 1 DAGs
[2026-04-27T06:44:30.247+0000] {logging_mixin.py:188} INFO - [2026-04-27T06:44:30.246+0000] {dag.py:3947} INFO - Setting next_dagrun for file_etl_pipeline to 2026-04-27 00:00:00+00:00, run_after=2026-04-28 00:00:00+00:00
[2026-04-27T06:44:30.612+0000] {processor.py:183} INFO - Processing /opt/airflow/dags/file_etl_dag.py took 1.264 seconds
[2026-04-27T06:45:00.879+0000] {processor.py:161} INFO - Started process (PID=371) to work on /opt/airflow/dags/file_etl_dag.py
[2026-04-27T06:45:00.882+0000] {processor.py:830} INFO - Processing file /opt/airflow/dags/file_etl_dag.py for tasks to queue
[2026-04-27T06:45:00.890+0000] {logging_mixin.py:188} INFO - [2026-04-27T06:45:00.887+0000] {dagbag.py:545} INFO - Filling up the DagBag from /opt/airflow/dags/file_etl_dag.py
[2026-04-27T06:45:01.714+0000] {processor.py:840} INFO - DAG(s) 'file_etl_pipeline' retrieved from /opt/airflow/dags/file_etl_dag.py
[2026-04-27T06:45:01.748+0000] {logging_mixin.py:188} INFO - [2026-04-27T06:45:01.748+0000] {dag.py:3089} INFO - Sync 1 DAGs
[2026-04-27T06:45:01.793+0000] {logging_mixin.py:188} INFO - [2026-04-27T06:45:01.793+0000] {dag.py:3947} INFO - Setting next_dagrun for file_etl_pipeline to 2026-04-27 00:00:00+00:00, run_after=2026-04-28 00:00:00+00:00
[2026-04-27T06:45:01.830+0000] {processor.py:183} INFO - Processing /opt/airflow/dags/file_etl_dag.py took 0.985 seconds
[2026-04-27T06:45:32.338+0000] {processor.py:161} INFO - Started process (PID=377) to work on /opt/airflow/dags/file_etl_dag.py
[2026-04-27T06:45:32.340+0000] {processor.py:830} INFO - Processing file /opt/airflow/dags/file_etl_dag.py for tasks to queue
[2026-04-27T06:45:32.345+0000] {logging_mixin.py:188} INFO - [2026-04-27T06:45:32.344+0000] {dagbag.py:545} INFO - Filling up the DagBag from /opt/airflow/dags/file_etl_dag.py
[2026-04-27T06:45:32.959+0000] {processor.py:840} INFO - DAG(s) 'file_etl_pipeline' retrieved from /opt/airflow/dags/file_etl_dag.py
[2026-04-27T06:45:32.996+0000] {logging_mixin.py:188} INFO - [2026-04-27T06:45:32.995+0000] {dag.py:3089} INFO - Sync 1 DAGs
[2026-04-27T06:45:33.056+0000] {logging_mixin.py:188} INFO - [2026-04-27T06:45:33.056+0000] {dag.py:3947} INFO - Setting next_dagrun for file_etl_pipeline to 2026-04-27 00:00:00+00:00, run_after=2026-04-28 00:00:00+00:00
[2026-04-27T06:45:33.096+0000] {processor.py:183} INFO - Processing /opt/airflow/dags/file_etl_dag.py took 0.773 seconds
[2026-04-27T06:46:03.574+0000] {processor.py:161} INFO - Started process (PID=383) to work on /opt/airflow/dags/file_etl_dag.py
[2026-04-27T06:46:03.577+0000] {processor.py:830} INFO - Processing file /opt/airflow/dags/file_etl_dag.py for tasks to queue
[2026-04-27T06:46:03.581+0000] {logging_mixin.py:188} INFO - [2026-04-27T06:46:03.580+0000] {dagbag.py:545} INFO - Filling up the DagBag from /opt/airflow/dags/file_etl_dag.py
[2026-04-27T06:46:04.385+0000] {processor.py:840} INFO - DAG(s) 'file_etl_pipeline' retrieved from /opt/airflow/dags/file_etl_dag.py
[2026-04-27T06:46:04.426+0000] {logging_mixin.py:188} INFO - [2026-04-27T06:46:04.426+0000] {dag.py:3089} INFO - Sync 1 DAGs
[2026-04-27T06:46:04.489+0000] {logging_mixin.py:188} INFO - [2026-04-27T06:46:04.488+0000] {dag.py:3947} INFO - Setting next_dagrun for file_etl_pipeline to 2026-04-27 00:00:00+00:00, run_after=2026-04-28 00:00:00+00:00
[2026-04-27T06:46:04.533+0000] {processor.py:183} INFO - Processing /opt/airflow/dags/file_etl_dag.py took 0.974 seconds
[2026-04-27T06:46:34.909+0000] {processor.py:161} INFO - Started process (PID=389) to work on /opt/airflow/dags/file_etl_dag.py
[2026-04-27T06:46:34.911+0000] {processor.py:830} INFO - Processing file /opt/airflow/dags/file_etl_dag.py for tasks to queue
[2026-04-27T06:46:34.915+0000] {logging_mixin.py:188} INFO - [2026-04-27T06:46:34.914+0000] {dagbag.py:545} INFO - Filling up the DagBag from /opt/airflow/dags/file_etl_dag.py
[2026-04-27T06:46:35.760+0000] {processor.py:840} INFO - DAG(s) 'file_etl_pipeline' retrieved from /opt/airflow/dags/file_etl_dag.py
[2026-04-27T06:46:35.818+0000] {logging_mixin.py:188} INFO - [2026-04-27T06:46:35.817+0000] {dag.py:3089} INFO - Sync 1 DAGs
[2026-04-27T06:46:35.880+0000] {logging_mixin.py:188} INFO - [2026-04-27T06:46:35.879+0000] {dag.py:3947} INFO - Setting next_dagrun for file_etl_pipeline to 2026-04-27 00:00:00+00:00, run_after=2026-04-28 00:00:00+00:00
[2026-04-27T06:46:35.925+0000] {processor.py:183} INFO - Processing /opt/airflow/dags/file_etl_dag.py took 1.030 seconds
[2026-04-27T06:47:06.365+0000] {processor.py:161} INFO - Started process (PID=395) to work on /opt/airflow/dags/file_etl_dag.py
[2026-04-27T06:47:06.368+0000] {processor.py:830} INFO - Processing file /opt/airflow/dags/file_etl_dag.py for tasks to queue
[2026-04-27T06:47:06.375+0000] {logging_mixin.py:188} INFO - [2026-04-27T06:47:06.374+0000] {dagbag.py:545} INFO - Filling up the DagBag from /opt/airflow/dags/file_etl_dag.py
[2026-04-27T06:47:07.454+0000] {processor.py:840} INFO - DAG(s) 'file_etl_pipeline' retrieved from /opt/airflow/dags/file_etl_dag.py
[2026-04-27T06:47:07.489+0000] {logging_mixin.py:188} INFO - [2026-04-27T06:47:07.488+0000] {dag.py:3089} INFO - Sync 1 DAGs
[2026-04-27T06:47:07.540+0000] {logging_mixin.py:188} INFO - [2026-04-27T06:47:07.540+0000] {dag.py:3947} INFO - Setting next_dagrun for file_etl_pipeline to 2026-04-27 00:00:00+00:00, run_after=2026-04-28 00:00:00+00:00
[2026-04-27T06:47:07.580+0000] {processor.py:183} INFO - Processing /opt/airflow/dags/file_etl_dag.py took 1.234 seconds
[2026-04-27T06:47:38.039+0000] {processor.py:161} INFO - Started process (PID=401) to work on /opt/airflow/dags/file_etl_dag.py
[2026-04-27T06:47:38.040+0000] {processor.py:830} INFO - Processing file /opt/airflow/dags/file_etl_dag.py for tasks to queue
[2026-04-27T06:47:38.043+0000] {logging_mixin.py:188} INFO - [2026-04-27T06:47:38.043+0000] {dagbag.py:545} INFO - Filling up the DagBag from /opt/airflow/dags/file_etl_dag.py
[2026-04-27T06:47:38.582+0000] {processor.py:840} INFO - DAG(s) 'file_etl_pipeline' retrieved from /opt/airflow/dags/file_etl_dag.py
[2026-04-27T06:47:38.616+0000] {logging_mixin.py:188} INFO - [2026-04-27T06:47:38.615+0000] {dag.py:3089} INFO - Sync 1 DAGs
[2026-04-27T06:47:38.658+0000] {logging_mixin.py:188} INFO - [2026-04-27T06:47:38.658+0000] {dag.py:3947} INFO - Setting next_dagrun for file_etl_pipeline to 2026-04-27 00:00:00+00:00, run_after=2026-04-28 00:00:00+00:00
[2026-04-27T06:47:38.868+0000] {processor.py:183} INFO - Processing /opt/airflow/dags/file_etl_dag.py took 0.838 seconds
[2026-04-27T06:48:09.163+0000] {processor.py:161} INFO - Started process (PID=407) to work on /opt/airflow/dags/file_etl_dag.py
[2026-04-27T06:48:09.165+0000] {processor.py:830} INFO - Processing file /opt/airflow/dags/file_etl_dag.py for tasks to queue
[2026-04-27T06:48:09.169+0000] {logging_mixin.py:188} INFO - [2026-04-27T06:48:09.168+0000] {dagbag.py:545} INFO - Filling up the DagBag from /opt/airflow/dags/file_etl_dag.py
[2026-04-27T06:48:09.707+0000] {processor.py:840} INFO - DAG(s) 'file_etl_pipeline' retrieved from /opt/airflow/dags/file_etl_dag.py
[2026-04-27T06:48:09.739+0000] {logging_mixin.py:188} INFO - [2026-04-27T06:48:09.739+0000] {dag.py:3089} INFO - Sync 1 DAGs
[2026-04-27T06:48:09.782+0000] {logging_mixin.py:188} INFO - [2026-04-27T06:48:09.781+0000] {dag.py:3947} INFO - Setting next_dagrun for file_etl_pipeline to 2026-04-27 00:00:00+00:00, run_after=2026-04-28 00:00:00+00:00
[2026-04-27T06:48:09.823+0000] {processor.py:183} INFO - Processing /opt/airflow/dags/file_etl_dag.py took 0.671 seconds
[2026-04-27T06:48:40.122+0000] {processor.py:161} INFO - Started process (PID=413) to work on /opt/airflow/dags/file_etl_dag.py
[2026-04-27T06:48:40.125+0000] {processor.py:830} INFO - Processing file /opt/airflow/dags/file_etl_dag.py for tasks to queue
[2026-04-27T06:48:40.130+0000] {logging_mixin.py:188} INFO - [2026-04-27T06:48:40.129+0000] {dagbag.py:545} INFO - Filling up the DagBag from /opt/airflow/dags/file_etl_dag.py
[2026-04-27T06:48:40.689+0000] {processor.py:840} INFO - DAG(s) 'file_etl_pipeline' retrieved from /opt/airflow/dags/file_etl_dag.py
[2026-04-27T06:48:40.720+0000] {logging_mixin.py:188} INFO - [2026-04-27T06:48:40.719+0000] {dag.py:3089} INFO - Sync 1 DAGs
[2026-04-27T06:48:40.761+0000] {logging_mixin.py:188} INFO - [2026-04-27T06:48:40.760+0000] {dag.py:3947} INFO - Setting next_dagrun for file_etl_pipeline to 2026-04-27 00:00:00+00:00, run_after=2026-04-28 00:00:00+00:00
[2026-04-27T06:48:40.791+0000] {processor.py:183} INFO - Processing /opt/airflow/dags/file_etl_dag.py took 0.683 seconds
[2026-04-27T06:49:11.120+0000] {processor.py:161} INFO - Started process (PID=419) to work on /opt/airflow/dags/file_etl_dag.py
[2026-04-27T06:49:11.123+0000] {processor.py:830} INFO - Processing file /opt/airflow/dags/file_etl_dag.py for tasks to queue
[2026-04-27T06:49:11.127+0000] {logging_mixin.py:188} INFO - [2026-04-27T06:49:11.127+0000] {dagbag.py:545} INFO - Filling up the DagBag from /opt/airflow/dags/file_etl_dag.py
[2026-04-27T06:49:11.732+0000] {processor.py:840} INFO - DAG(s) 'file_etl_pipeline' retrieved from /opt/airflow/dags/file_etl_dag.py
[2026-04-27T06:49:11.777+0000] {logging_mixin.py:188} INFO - [2026-04-27T06:49:11.776+0000] {dag.py:3089} INFO - Sync 1 DAGs
[2026-04-27T06:49:11.919+0000] {logging_mixin.py:188} INFO - [2026-04-27T06:49:11.919+0000] {dag.py:3947} INFO - Setting next_dagrun for file_etl_pipeline to 2026-04-27 00:00:00+00:00, run_after=2026-04-28 00:00:00+00:00
[2026-04-27T06:49:12.041+0000] {processor.py:183} INFO - Processing /opt/airflow/dags/file_etl_dag.py took 0.939 seconds
[2026-04-27T06:49:42.444+0000] {processor.py:161} INFO - Started process (PID=425) to work on /opt/airflow/dags/file_etl_dag.py
[2026-04-27T06:49:42.446+0000] {processor.py:830} INFO - Processing file /opt/airflow/dags/file_etl_dag.py for tasks to queue
[2026-04-27T06:49:42.450+0000] {logging_mixin.py:188} INFO - [2026-04-27T06:49:42.449+0000] {dagbag.py:545} INFO - Filling up the DagBag from /opt/airflow/dags/file_etl_dag.py
[2026-04-27T06:49:43.166+0000] {processor.py:840} INFO - DAG(s) 'file_etl_pipeline' retrieved from /opt/airflow/dags/file_etl_dag.py
[2026-04-27T06:49:43.201+0000] {logging_mixin.py:188} INFO - [2026-04-27T06:49:43.200+0000] {dag.py:3089} INFO - Sync 1 DAGs
[2026-04-27T06:49:43.246+0000] {logging_mixin.py:188} INFO - [2026-04-27T06:49:43.246+0000] {dag.py:3947} INFO - Setting next_dagrun for file_etl_pipeline to 2026-04-27 00:00:00+00:00, run_after=2026-04-28 00:00:00+00:00
[2026-04-27T06:49:43.324+0000] {processor.py:183} INFO - Processing /opt/airflow/dags/file_etl_dag.py took 0.895 seconds
[2026-04-27T06:50:13.699+0000] {processor.py:161} INFO - Started process (PID=431) to work on /opt/airflow/dags/file_etl_dag.py
[2026-04-27T06:50:13.713+0000] {processor.py:830} INFO - Processing file /opt/airflow/dags/file_etl_dag.py for tasks to queue
[2026-04-27T06:50:13.734+0000] {logging_mixin.py:188} INFO - [2026-04-27T06:50:13.733+0000] {dagbag.py:545} INFO - Filling up the DagBag from /opt/airflow/dags/file_etl_dag.py
[2026-04-27T06:50:14.739+0000] {processor.py:840} INFO - DAG(s) 'file_etl_pipeline' retrieved from /opt/airflow/dags/file_etl_dag.py
[2026-04-27T06:50:14.768+0000] {logging_mixin.py:188} INFO - [2026-04-27T06:50:14.767+0000] {dag.py:3089} INFO - Sync 1 DAGs
[2026-04-27T06:50:14.810+0000] {logging_mixin.py:188} INFO - [2026-04-27T06:50:14.810+0000] {dag.py:3947} INFO - Setting next_dagrun for file_etl_pipeline to 2026-04-27 00:00:00+00:00, run_after=2026-04-28 00:00:00+00:00
[2026-04-27T06:50:14.846+0000] {processor.py:183} INFO - Processing /opt/airflow/dags/file_etl_dag.py took 1.182 seconds
[2026-04-27T06:50:45.154+0000] {processor.py:161} INFO - Started process (PID=437) to work on /opt/airflow/dags/file_etl_dag.py
[2026-04-27T06:50:45.156+0000] {processor.py:830} INFO - Processing file /opt/airflow/dags/file_etl_dag.py for tasks to queue
[2026-04-27T06:50:45.162+0000] {logging_mixin.py:188} INFO - [2026-04-27T06:50:45.161+0000] {dagbag.py:545} INFO - Filling up the DagBag from /opt/airflow/dags/file_etl_dag.py
[2026-04-27T06:50:45.799+0000] {processor.py:840} INFO - DAG(s) 'file_etl_pipeline' retrieved from /opt/airflow/dags/file_etl_dag.py
[2026-04-27T06:50:45.835+0000] {logging_mixin.py:188} INFO - [2026-04-27T06:50:45.835+0000] {dag.py:3089} INFO - Sync 1 DAGs
[2026-04-27T06:50:45.885+0000] {logging_mixin.py:188} INFO - [2026-04-27T06:50:45.885+0000] {dag.py:3947} INFO - Setting next_dagrun for file_etl_pipeline to 2026-04-27 00:00:00+00:00, run_after=2026-04-28 00:00:00+00:00
[2026-04-27T06:50:46.199+0000] {processor.py:183} INFO - Processing /opt/airflow/dags/file_etl_dag.py took 1.059 seconds
[2026-04-27T06:51:16.413+0000] {processor.py:161} INFO - Started process (PID=443) to work on /opt/airflow/dags/file_etl_dag.py
[2026-04-27T06:51:16.415+0000] {processor.py:830} INFO - Processing file /opt/airflow/dags/file_etl_dag.py for tasks to queue
[2026-04-27T06:51:16.419+0000] {logging_mixin.py:188} INFO - [2026-04-27T06:51:16.418+0000] {dagbag.py:545} INFO - Filling up the DagBag from /opt/airflow/dags/file_etl_dag.py
[2026-04-27T06:51:17.220+0000] {processor.py:840} INFO - DAG(s) 'file_etl_pipeline' retrieved from /opt/airflow/dags/file_etl_dag.py
[2026-04-27T06:51:17.271+0000] {logging_mixin.py:188} INFO - [2026-04-27T06:51:17.271+0000] {dag.py:3089} INFO - Sync 1 DAGs
[2026-04-27T06:51:17.362+0000] {logging_mixin.py:188} INFO - [2026-04-27T06:51:17.361+0000] {dag.py:3947} INFO - Setting next_dagrun for file_etl_pipeline to 2026-04-27 00:00:00+00:00, run_after=2026-04-28 00:00:00+00:00
[2026-04-27T06:51:17.428+0000] {processor.py:183} INFO - Processing /opt/airflow/dags/file_etl_dag.py took 1.026 seconds
[2026-04-27T06:51:47.701+0000] {processor.py:161} INFO - Started process (PID=449) to work on /opt/airflow/dags/file_etl_dag.py
[2026-04-27T06:51:47.704+0000] {processor.py:830} INFO - Processing file /opt/airflow/dags/file_etl_dag.py for tasks to queue
[2026-04-27T06:51:47.709+0000] {logging_mixin.py:188} INFO - [2026-04-27T06:51:47.708+0000] {dagbag.py:545} INFO - Filling up the DagBag from /opt/airflow/dags/file_etl_dag.py
[2026-04-27T06:51:48.364+0000] {processor.py:840} INFO - DAG(s) 'file_etl_pipeline' retrieved from /opt/airflow/dags/file_etl_dag.py
[2026-04-27T06:51:48.396+0000] {logging_mixin.py:188} INFO - [2026-04-27T06:51:48.396+0000] {dag.py:3089} INFO - Sync 1 DAGs
[2026-04-27T06:51:48.450+0000] {logging_mixin.py:188} INFO - [2026-04-27T06:51:48.449+0000] {dag.py:3947} INFO - Setting next_dagrun for file_etl_pipeline to 2026-04-27 00:00:00+00:00, run_after=2026-04-28 00:00:00+00:00
[2026-04-27T06:51:48.487+0000] {processor.py:183} INFO - Processing /opt/airflow/dags/file_etl_dag.py took 0.799 seconds
[2026-04-27T06:52:18.837+0000] {processor.py:161} INFO - Started process (PID=455) to work on /opt/airflow/dags/file_etl_dag.py
[2026-04-27T06:52:18.839+0000] {processor.py:830} INFO - Processing file /opt/airflow/dags/file_etl_dag.py for tasks to queue
[2026-04-27T06:52:18.845+0000] {logging_mixin.py:188} INFO - [2026-04-27T06:52:18.844+0000] {dagbag.py:545} INFO - Filling up the DagBag from /opt/airflow/dags/file_etl_dag.py
[2026-04-27T06:52:19.675+0000] {processor.py:840} INFO - DAG(s) 'file_etl_pipeline' retrieved from /opt/airflow/dags/file_etl_dag.py
[2026-04-27T06:52:19.719+0000] {logging_mixin.py:188} INFO - [2026-04-27T06:52:19.718+0000] {dag.py:3089} INFO - Sync 1 DAGs
[2026-04-27T06:52:19.778+0000] {logging_mixin.py:188} INFO - [2026-04-27T06:52:19.778+0000] {dag.py:3947} INFO - Setting next_dagrun for file_etl_pipeline to 2026-04-27 00:00:00+00:00, run_after=2026-04-28 00:00:00+00:00
[2026-04-27T06:52:19.830+0000] {processor.py:183} INFO - Processing /opt/airflow/dags/file_etl_dag.py took 1.010 seconds
[2026-04-27T06:52:50.130+0000] {processor.py:161} INFO - Started process (PID=461) to work on /opt/airflow/dags/file_etl_dag.py
[2026-04-27T06:52:50.132+0000] {processor.py:830} INFO - Processing file /opt/airflow/dags/file_etl_dag.py for tasks to queue
[2026-04-27T06:52:50.136+0000] {logging_mixin.py:188} INFO - [2026-04-27T06:52:50.136+0000] {dagbag.py:545} INFO - Filling up the DagBag from /opt/airflow/dags/file_etl_dag.py
[2026-04-27T06:52:50.902+0000] {processor.py:840} INFO - DAG(s) 'file_etl_pipeline' retrieved from /opt/airflow/dags/file_etl_dag.py
[2026-04-27T06:52:50.931+0000] {logging_mixin.py:188} INFO - [2026-04-27T06:52:50.931+0000] {dag.py:3089} INFO - Sync 1 DAGs
[2026-04-27T06:52:50.973+0000] {logging_mixin.py:188} INFO - [2026-04-27T06:52:50.972+0000] {dag.py:3947} INFO - Setting next_dagrun for file_etl_pipeline to 2026-04-27 00:00:00+00:00, run_after=2026-04-28 00:00:00+00:00
[2026-04-27T06:52:51.019+0000] {processor.py:183} INFO - Processing /opt/airflow/dags/file_etl_dag.py took 0.899 seconds
[2026-04-27T06:53:21.449+0000] {processor.py:161} INFO - Started process (PID=467) to work on /opt/airflow/dags/file_etl_dag.py
[2026-04-27T06:53:21.452+0000] {processor.py:830} INFO - Processing file /opt/airflow/dags/file_etl_dag.py for tasks to queue
[2026-04-27T06:53:21.459+0000] {logging_mixin.py:188} INFO - [2026-04-27T06:53:21.457+0000] {dagbag.py:545} INFO - Filling up the DagBag from /opt/airflow/dags/file_etl_dag.py
[2026-04-27T06:53:22.194+0000] {processor.py:840} INFO - DAG(s) 'file_etl_pipeline' retrieved from /opt/airflow/dags/file_etl_dag.py
[2026-04-27T06:53:22.224+0000] {logging_mixin.py:188} INFO - [2026-04-27T06:53:22.224+0000] {dag.py:3089} INFO - Sync 1 DAGs
[2026-04-27T06:53:22.271+0000] {logging_mixin.py:188} INFO - [2026-04-27T06:53:22.270+0000] {dag.py:3947} INFO - Setting next_dagrun for file_etl_pipeline to 2026-04-27 00:00:00+00:00, run_after=2026-04-28 00:00:00+00:00
[2026-04-27T06:53:22.496+0000] {processor.py:183} INFO - Processing /opt/airflow/dags/file_etl_dag.py took 1.066 seconds
[2026-04-27T06:53:52.699+0000] {processor.py:161} INFO - Started process (PID=473) to work on /opt/airflow/dags/file_etl_dag.py
[2026-04-27T06:53:52.701+0000] {processor.py:830} INFO - Processing file /opt/airflow/dags/file_etl_dag.py for tasks to queue
[2026-04-27T06:53:52.703+0000] {logging_mixin.py:188} INFO - [2026-04-27T06:53:52.703+0000] {dagbag.py:545} INFO - Filling up the DagBag from /opt/airflow/dags/file_etl_dag.py
[2026-04-27T06:53:53.297+0000] {processor.py:840} INFO - DAG(s) 'file_etl_pipeline' retrieved from /opt/airflow/dags/file_etl_dag.py
[2026-04-27T06:53:53.331+0000] {logging_mixin.py:188} INFO - [2026-04-27T06:53:53.330+0000] {dag.py:3089} INFO - Sync 1 DAGs
[2026-04-27T06:53:53.383+0000] {logging_mixin.py:188} INFO - [2026-04-27T06:53:53.382+0000] {dag.py:3947} INFO - Setting next_dagrun for file_etl_pipeline to 2026-04-27 00:00:00+00:00, run_after=2026-04-28 00:00:00+00:00
[2026-04-27T06:53:53.417+0000] {processor.py:183} INFO - Processing /opt/airflow/dags/file_etl_dag.py took 0.727 seconds
[2026-04-27T06:54:23.746+0000] {processor.py:161} INFO - Started process (PID=479) to work on /opt/airflow/dags/file_etl_dag.py
[2026-04-27T06:54:23.748+0000] {processor.py:830} INFO - Processing file /opt/airflow/dags/file_etl_dag.py for tasks to queue
[2026-04-27T06:54:23.754+0000] {logging_mixin.py:188} INFO - [2026-04-27T06:54:23.753+0000] {dagbag.py:545} INFO - Filling up the DagBag from /opt/airflow/dags/file_etl_dag.py
[2026-04-27T06:54:24.406+0000] {processor.py:840} INFO - DAG(s) 'file_etl_pipeline' retrieved from /opt/airflow/dags/file_etl_dag.py
[2026-04-27T06:54:24.473+0000] {logging_mixin.py:188} INFO - [2026-04-27T06:54:24.472+0000] {dag.py:3089} INFO - Sync 1 DAGs
[2026-04-27T06:54:24.616+0000] {logging_mixin.py:188} INFO - [2026-04-27T06:54:24.615+0000] {dag.py:3947} INFO - Setting next_dagrun for file_etl_pipeline to 2026-04-27 00:00:00+00:00, run_after=2026-04-28 00:00:00+00:00
[2026-04-27T06:54:24.661+0000] {processor.py:183} INFO - Processing /opt/airflow/dags/file_etl_dag.py took 0.929 seconds
[2026-04-27T06:54:55.001+0000] {processor.py:161} INFO - Started process (PID=485) to work on /opt/airflow/dags/file_etl_dag.py
[2026-04-27T06:54:55.003+0000] {processor.py:830} INFO - Processing file /opt/airflow/dags/file_etl_dag.py for tasks to queue
[2026-04-27T06:54:55.007+0000] {logging_mixin.py:188} INFO - [2026-04-27T06:54:55.006+0000] {dagbag.py:545} INFO - Filling up the DagBag from /opt/airflow/dags/file_etl_dag.py
[2026-04-27T06:54:55.877+0000] {processor.py:840} INFO - DAG(s) 'file_etl_pipeline' retrieved from /opt/airflow/dags/file_etl_dag.py
[2026-04-27T06:54:55.913+0000] {logging_mixin.py:188} INFO - [2026-04-27T06:54:55.913+0000] {dag.py:3089} INFO - Sync 1 DAGs
[2026-04-27T06:54:56.004+0000] {logging_mixin.py:188} INFO - [2026-04-27T06:54:56.003+0000] {dag.py:3947} INFO - Setting next_dagrun for file_etl_pipeline to 2026-04-27 00:00:00+00:00, run_after=2026-04-28 00:00:00+00:00
[2026-04-27T06:54:56.117+0000] {processor.py:183} INFO - Processing /opt/airflow/dags/file_etl_dag.py took 1.129 seconds
[2026-04-27T06:55:26.253+0000] {processor.py:161} INFO - Started process (PID=491) to work on /opt/airflow/dags/file_etl_dag.py
[2026-04-27T06:55:26.255+0000] {processor.py:830} INFO - Processing file /opt/airflow/dags/file_etl_dag.py for tasks to queue
[2026-04-27T06:55:26.259+0000] {logging_mixin.py:188} INFO - [2026-04-27T06:55:26.258+0000] {dagbag.py:545} INFO - Filling up the DagBag from /opt/airflow/dags/file_etl_dag.py
[2026-04-27T06:55:26.933+0000] {processor.py:840} INFO - DAG(s) 'file_etl_pipeline' retrieved from /opt/airflow/dags/file_etl_dag.py
[2026-04-27T06:55:26.973+0000] {logging_mixin.py:188} INFO - [2026-04-27T06:55:26.972+0000] {dag.py:3089} INFO - Sync 1 DAGs
[2026-04-27T06:55:27.030+0000] {logging_mixin.py:188} INFO - [2026-04-27T06:55:27.030+0000] {dag.py:3947} INFO - Setting next_dagrun for file_etl_pipeline to 2026-04-27 00:00:00+00:00, run_after=2026-04-28 00:00:00+00:00
[2026-04-27T06:55:27.101+0000] {processor.py:183} INFO - Processing /opt/airflow/dags/file_etl_dag.py took 0.860 seconds
[2026-04-27T06:55:57.438+0000] {processor.py:161} INFO - Started process (PID=497) to work on /opt/airflow/dags/file_etl_dag.py
[2026-04-27T06:55:57.439+0000] {processor.py:830} INFO - Processing file /opt/airflow/dags/file_etl_dag.py for tasks to queue
[2026-04-27T06:55:57.443+0000] {logging_mixin.py:188} INFO - [2026-04-27T06:55:57.442+0000] {dagbag.py:545} INFO - Filling up the DagBag from /opt/airflow/dags/file_etl_dag.py
[2026-04-27T06:55:58.033+0000] {processor.py:840} INFO - DAG(s) 'file_etl_pipeline' retrieved from /opt/airflow/dags/file_etl_dag.py
[2026-04-27T06:55:58.065+0000] {logging_mixin.py:188} INFO - [2026-04-27T06:55:58.064+0000] {dag.py:3089} INFO - Sync 1 DAGs
[2026-04-27T06:55:58.111+0000] {logging_mixin.py:188} INFO - [2026-04-27T06:55:58.110+0000] {dag.py:3947} INFO - Setting next_dagrun for file_etl_pipeline to 2026-04-27 00:00:00+00:00, run_after=2026-04-28 00:00:00+00:00
[2026-04-27T06:55:58.148+0000] {processor.py:183} INFO - Processing /opt/airflow/dags/file_etl_dag.py took 0.724 seconds
[2026-04-27T06:56:28.474+0000] {processor.py:161} INFO - Started process (PID=503) to work on /opt/airflow/dags/file_etl_dag.py
[2026-04-27T06:56:28.477+0000] {processor.py:830} INFO - Processing file /opt/airflow/dags/file_etl_dag.py for tasks to queue
[2026-04-27T06:56:28.482+0000] {logging_mixin.py:188} INFO - [2026-04-27T06:56:28.481+0000] {dagbag.py:545} INFO - Filling up the DagBag from /opt/airflow/dags/file_etl_dag.py
[2026-04-27T06:56:29.087+0000] {processor.py:840} INFO - DAG(s) 'file_etl_pipeline' retrieved from /opt/airflow/dags/file_etl_dag.py
[2026-04-27T06:56:29.123+0000] {logging_mixin.py:188} INFO - [2026-04-27T06:56:29.122+0000] {dag.py:3089} INFO - Sync 1 DAGs
[2026-04-27T06:56:29.175+0000] {logging_mixin.py:188} INFO - [2026-04-27T06:56:29.175+0000] {dag.py:3947} INFO - Setting next_dagrun for file_etl_pipeline to 2026-04-27 00:00:00+00:00, run_after=2026-04-28 00:00:00+00:00
[2026-04-27T06:56:29.483+0000] {processor.py:183} INFO - Processing /opt/airflow/dags/file_etl_dag.py took 1.021 seconds
[2026-04-27T06:56:59.725+0000] {processor.py:161} INFO - Started process (PID=509) to work on /opt/airflow/dags/file_etl_dag.py
[2026-04-27T06:56:59.726+0000] {processor.py:830} INFO - Processing file /opt/airflow/dags/file_etl_dag.py for tasks to queue
[2026-04-27T06:56:59.731+0000] {logging_mixin.py:188} INFO - [2026-04-27T06:56:59.730+0000] {dagbag.py:545} INFO - Filling up the DagBag from /opt/airflow/dags/file_etl_dag.py
[2026-04-27T06:57:00.299+0000] {processor.py:840} INFO - DAG(s) 'file_etl_pipeline' retrieved from /opt/airflow/dags/file_etl_dag.py
[2026-04-27T06:57:00.330+0000] {logging_mixin.py:188} INFO - [2026-04-27T06:57:00.329+0000] {dag.py:3089} INFO - Sync 1 DAGs
[2026-04-27T06:57:00.379+0000] {logging_mixin.py:188} INFO - [2026-04-27T06:57:00.379+0000] {dag.py:3947} INFO - Setting next_dagrun for file_etl_pipeline to 2026-04-27 00:00:00+00:00, run_after=2026-04-28 00:00:00+00:00
[2026-04-27T06:57:00.414+0000] {processor.py:183} INFO - Processing /opt/airflow/dags/file_etl_dag.py took 0.700 seconds
[2026-04-27T06:57:30.756+0000] {processor.py:161} INFO - Started process (PID=515) to work on /opt/airflow/dags/file_etl_dag.py
[2026-04-27T06:57:30.759+0000] {processor.py:830} INFO - Processing file /opt/airflow/dags/file_etl_dag.py for tasks to queue
[2026-04-27T06:57:30.765+0000] {logging_mixin.py:188} INFO - [2026-04-27T06:57:30.764+0000] {dagbag.py:545} INFO - Filling up the DagBag from /opt/airflow/dags/file_etl_dag.py
[2026-04-27T06:57:31.701+0000] {processor.py:840} INFO - DAG(s) 'file_etl_pipeline' retrieved from /opt/airflow/dags/file_etl_dag.py
[2026-04-27T06:57:31.729+0000] {logging_mixin.py:188} INFO - [2026-04-27T06:57:31.728+0000] {dag.py:3089} INFO - Sync 1 DAGs
[2026-04-27T06:57:31.766+0000] {logging_mixin.py:188} INFO - [2026-04-27T06:57:31.766+0000] {dag.py:3947} INFO - Setting next_dagrun for file_etl_pipeline to 2026-04-27 00:00:00+00:00, run_after=2026-04-28 00:00:00+00:00
[2026-04-27T06:57:31.824+0000] {processor.py:183} INFO - Processing /opt/airflow/dags/file_etl_dag.py took 1.090 seconds
[2026-04-27T06:58:02.152+0000] {processor.py:161} INFO - Started process (PID=521) to work on /opt/airflow/dags/file_etl_dag.py
[2026-04-27T06:58:02.154+0000] {processor.py:830} INFO - Processing file /opt/airflow/dags/file_etl_dag.py for tasks to queue
[2026-04-27T06:58:02.161+0000] {logging_mixin.py:188} INFO - [2026-04-27T06:58:02.160+0000] {dagbag.py:545} INFO - Filling up the DagBag from /opt/airflow/dags/file_etl_dag.py
[2026-04-27T06:58:02.841+0000] {processor.py:840} INFO - DAG(s) 'file_etl_pipeline' retrieved from /opt/airflow/dags/file_etl_dag.py
[2026-04-27T06:58:02.882+0000] {logging_mixin.py:188} INFO - [2026-04-27T06:58:02.881+0000] {dag.py:3089} INFO - Sync 1 DAGs
[2026-04-27T06:58:02.940+0000] {logging_mixin.py:188} INFO - [2026-04-27T06:58:02.940+0000] {dag.py:3947} INFO - Setting next_dagrun for file_etl_pipeline to 2026-04-27 00:00:00+00:00, run_after=2026-04-28 00:00:00+00:00
[2026-04-27T06:58:02.982+0000] {processor.py:183} INFO - Processing /opt/airflow/dags/file_etl_dag.py took 0.843 seconds
[2026-04-27T06:58:33.337+0000] {processor.py:161} INFO - Started process (PID=527) to work on /opt/airflow/dags/file_etl_dag.py
[2026-04-27T06:58:33.339+0000] {processor.py:830} INFO - Processing file /opt/airflow/dags/file_etl_dag.py for tasks to queue
[2026-04-27T06:58:33.346+0000] {logging_mixin.py:188} INFO - [2026-04-27T06:58:33.345+0000] {dagbag.py:545} INFO - Filling up the DagBag from /opt/airflow/dags/file_etl_dag.py
[2026-04-27T06:58:33.985+0000] {processor.py:840} INFO - DAG(s) 'file_etl_pipeline' retrieved from /opt/airflow/dags/file_etl_dag.py
[2026-04-27T06:58:34.042+0000] {logging_mixin.py:188} INFO - [2026-04-27T06:58:34.041+0000] {dag.py:3089} INFO - Sync 1 DAGs
[2026-04-27T06:58:34.104+0000] {logging_mixin.py:188} INFO - [2026-04-27T06:58:34.104+0000] {dag.py:3947} INFO - Setting next_dagrun for file_etl_pipeline to 2026-04-27 00:00:00+00:00, run_after=2026-04-28 00:00:00+00:00
[2026-04-27T06:58:34.141+0000] {processor.py:183} INFO - Processing /opt/airflow/dags/file_etl_dag.py took 0.819 seconds
[2026-04-27T06:59:04.455+0000] {processor.py:161} INFO - Started process (PID=533) to work on /opt/airflow/dags/file_etl_dag.py
[2026-04-27T06:59:04.458+0000] {processor.py:830} INFO - Processing file /opt/airflow/dags/file_etl_dag.py for tasks to queue
[2026-04-27T06:59:04.466+0000] {logging_mixin.py:188} INFO - [2026-04-27T06:59:04.464+0000] {dagbag.py:545} INFO - Filling up the DagBag from /opt/airflow/dags/file_etl_dag.py
[2026-04-27T06:59:05.358+0000] {processor.py:840} INFO - DAG(s) 'file_etl_pipeline' retrieved from /opt/airflow/dags/file_etl_dag.py
[2026-04-27T06:59:05.417+0000] {logging_mixin.py:188} INFO - [2026-04-27T06:59:05.416+0000] {dag.py:3089} INFO - Sync 1 DAGs
[2026-04-27T06:59:05.498+0000] {logging_mixin.py:188} INFO - [2026-04-27T06:59:05.497+0000] {dag.py:3947} INFO - Setting next_dagrun for file_etl_pipeline to 2026-04-27 00:00:00+00:00, run_after=2026-04-28 00:00:00+00:00
[2026-04-27T06:59:05.564+0000] {processor.py:183} INFO - Processing /opt/airflow/dags/file_etl_dag.py took 1.127 seconds
[2026-04-27T06:59:35.858+0000] {processor.py:161} INFO - Started process (PID=539) to work on /opt/airflow/dags/file_etl_dag.py
[2026-04-27T06:59:35.860+0000] {processor.py:830} INFO - Processing file /opt/airflow/dags/file_etl_dag.py for tasks to queue
[2026-04-27T06:59:35.865+0000] {logging_mixin.py:188} INFO - [2026-04-27T06:59:35.864+0000] {dagbag.py:545} INFO - Filling up the DagBag from /opt/airflow/dags/file_etl_dag.py
[2026-04-27T06:59:36.534+0000] {processor.py:840} INFO - DAG(s) 'file_etl_pipeline' retrieved from /opt/airflow/dags/file_etl_dag.py
[2026-04-27T06:59:36.573+0000] {logging_mixin.py:188} INFO - [2026-04-27T06:59:36.573+0000] {dag.py:3089} INFO - Sync 1 DAGs
[2026-04-27T06:59:36.623+0000] {logging_mixin.py:188} INFO - [2026-04-27T06:59:36.622+0000] {dag.py:3947} INFO - Setting next_dagrun for file_etl_pipeline to 2026-04-27 00:00:00+00:00, run_after=2026-04-28 00:00:00+00:00
[2026-04-27T06:59:36.878+0000] {processor.py:183} INFO - Processing /opt/airflow/dags/file_etl_dag.py took 1.034 seconds
[2026-04-27T07:00:07.116+0000] {processor.py:161} INFO - Started process (PID=545) to work on /opt/airflow/dags/file_etl_dag.py
[2026-04-27T07:00:07.118+0000] {processor.py:830} INFO - Processing file /opt/airflow/dags/file_etl_dag.py for tasks to queue
[2026-04-27T07:00:07.123+0000] {logging_mixin.py:188} INFO - [2026-04-27T07:00:07.122+0000] {dagbag.py:545} INFO - Filling up the DagBag from /opt/airflow/dags/file_etl_dag.py
[2026-04-27T07:00:07.686+0000] {processor.py:840} INFO - DAG(s) 'file_etl_pipeline' retrieved from /opt/airflow/dags/file_etl_dag.py
[2026-04-27T07:00:07.735+0000] {logging_mixin.py:188} INFO - [2026-04-27T07:00:07.734+0000] {dag.py:3089} INFO - Sync 1 DAGs
[2026-04-27T07:00:07.782+0000] {logging_mixin.py:188} INFO - [2026-04-27T07:00:07.782+0000] {dag.py:3947} INFO - Setting next_dagrun for file_etl_pipeline to 2026-04-27 00:00:00+00:00, run_after=2026-04-28 00:00:00+00:00
[2026-04-27T07:00:07.811+0000] {processor.py:183} INFO - Processing /opt/airflow/dags/file_etl_dag.py took 0.709 seconds
[2026-04-27T07:00:38.108+0000] {processor.py:161} INFO - Started process (PID=551) to work on /opt/airflow/dags/file_etl_dag.py
[2026-04-27T07:00:38.110+0000] {processor.py:830} INFO - Processing file /opt/airflow/dags/file_etl_dag.py for tasks to queue
[2026-04-27T07:00:38.115+0000] {logging_mixin.py:188} INFO - [2026-04-27T07:00:38.114+0000] {dagbag.py:545} INFO - Filling up the DagBag from /opt/airflow/dags/file_etl_dag.py
[2026-04-27T07:00:38.808+0000] {processor.py:840} INFO - DAG(s) 'file_etl_pipeline' retrieved from /opt/airflow/dags/file_etl_dag.py
[2026-04-27T07:00:38.847+0000] {logging_mixin.py:188} INFO - [2026-04-27T07:00:38.847+0000] {dag.py:3089} INFO - Sync 1 DAGs
[2026-04-27T07:00:38.900+0000] {logging_mixin.py:188} INFO - [2026-04-27T07:00:38.900+0000] {dag.py:3947} INFO - Setting next_dagrun for file_etl_pipeline to 2026-04-27 00:00:00+00:00, run_after=2026-04-28 00:00:00+00:00
[2026-04-27T07:00:38.939+0000] {processor.py:183} INFO - Processing /opt/airflow/dags/file_etl_dag.py took 0.844 seconds
[2026-04-27T07:01:09.350+0000] {processor.py:161} INFO - Started process (PID=557) to work on /opt/airflow/dags/file_etl_dag.py
[2026-04-27T07:01:09.353+0000] {processor.py:830} INFO - Processing file /opt/airflow/dags/file_etl_dag.py for tasks to queue
[2026-04-27T07:01:09.357+0000] {logging_mixin.py:188} INFO - [2026-04-27T07:01:09.356+0000] {dagbag.py:545} INFO - Filling up the DagBag from /opt/airflow/dags/file_etl_dag.py
[2026-04-27T07:01:09.884+0000] {processor.py:840} INFO - DAG(s) 'file_etl_pipeline' retrieved from /opt/airflow/dags/file_etl_dag.py
[2026-04-27T07:01:09.923+0000] {logging_mixin.py:188} INFO - [2026-04-27T07:01:09.922+0000] {dag.py:3089} INFO - Sync 1 DAGs
[2026-04-27T07:01:09.971+0000] {logging_mixin.py:188} INFO - [2026-04-27T07:01:09.971+0000] {dag.py:3947} INFO - Setting next_dagrun for file_etl_pipeline to 2026-04-27 00:00:00+00:00, run_after=2026-04-28 00:00:00+00:00
[2026-04-27T07:01:10.010+0000] {processor.py:183} INFO - Processing /opt/airflow/dags/file_etl_dag.py took 0.673 seconds
[2026-04-27T07:01:40.296+0000] {processor.py:161} INFO - Started process (PID=563) to work on /opt/airflow/dags/file_etl_dag.py
[2026-04-27T07:01:40.298+0000] {processor.py:830} INFO - Processing file /opt/airflow/dags/file_etl_dag.py for tasks to queue
[2026-04-27T07:01:40.302+0000] {logging_mixin.py:188} INFO - [2026-04-27T07:01:40.301+0000] {dagbag.py:545} INFO - Filling up the DagBag from /opt/airflow/dags/file_etl_dag.py
[2026-04-27T07:01:40.935+0000] {processor.py:840} INFO - DAG(s) 'file_etl_pipeline' retrieved from /opt/airflow/dags/file_etl_dag.py
[2026-04-27T07:01:40.980+0000] {logging_mixin.py:188} INFO - [2026-04-27T07:01:40.979+0000] {dag.py:3089} INFO - Sync 1 DAGs
[2026-04-27T07:01:41.036+0000] {logging_mixin.py:188} INFO - [2026-04-27T07:01:41.036+0000] {dag.py:3947} INFO - Setting next_dagrun for file_etl_pipeline to 2026-04-27 00:00:00+00:00, run_after=2026-04-28 00:00:00+00:00
[2026-04-27T07:01:41.112+0000] {processor.py:183} INFO - Processing /opt/airflow/dags/file_etl_dag.py took 0.828 seconds
[2026-04-27T07:02:11.434+0000] {processor.py:161} INFO - Started process (PID=569) to work on /opt/airflow/dags/file_etl_dag.py
[2026-04-27T07:02:11.437+0000] {processor.py:830} INFO - Processing file /opt/airflow/dags/file_etl_dag.py for tasks to queue
[2026-04-27T07:02:11.442+0000] {logging_mixin.py:188} INFO - [2026-04-27T07:02:11.441+0000] {dagbag.py:545} INFO - Filling up the DagBag from /opt/airflow/dags/file_etl_dag.py
[2026-04-27T07:02:12.216+0000] {processor.py:840} INFO - DAG(s) 'file_etl_pipeline' retrieved from /opt/airflow/dags/file_etl_dag.py
[2026-04-27T07:02:12.263+0000] {logging_mixin.py:188} INFO - [2026-04-27T07:02:12.261+0000] {dag.py:3089} INFO - Sync 1 DAGs
[2026-04-27T07:02:12.320+0000] {logging_mixin.py:188} INFO - [2026-04-27T07:02:12.320+0000] {dag.py:3947} INFO - Setting next_dagrun for file_etl_pipeline to 2026-04-27 00:00:00+00:00, run_after=2026-04-28 00:00:00+00:00
[2026-04-27T07:02:12.384+0000] {processor.py:183} INFO - Processing /opt/airflow/dags/file_etl_dag.py took 0.965 seconds
[2026-04-27T07:02:42.671+0000] {processor.py:161} INFO - Started process (PID=575) to work on /opt/airflow/dags/file_etl_dag.py
[2026-04-27T07:02:42.672+0000] {processor.py:830} INFO - Processing file /opt/airflow/dags/file_etl_dag.py for tasks to queue
[2026-04-27T07:02:42.676+0000] {logging_mixin.py:188} INFO - [2026-04-27T07:02:42.675+0000] {dagbag.py:545} INFO - Filling up the DagBag from /opt/airflow/dags/file_etl_dag.py
[2026-04-27T07:02:43.375+0000] {processor.py:840} INFO - DAG(s) 'file_etl_pipeline' retrieved from /opt/airflow/dags/file_etl_dag.py
[2026-04-27T07:02:43.428+0000] {logging_mixin.py:188} INFO - [2026-04-27T07:02:43.427+0000] {dag.py:3089} INFO - Sync 1 DAGs
[2026-04-27T07:02:43.527+0000] {logging_mixin.py:188} INFO - [2026-04-27T07:02:43.526+0000] {dag.py:3947} INFO - Setting next_dagrun for file_etl_pipeline to 2026-04-27 00:00:00+00:00, run_after=2026-04-28 00:00:00+00:00
[2026-04-27T07:02:44.085+0000] {processor.py:183} INFO - Processing /opt/airflow/dags/file_etl_dag.py took 1.428 seconds
[2026-04-27T07:03:14.491+0000] {processor.py:161} INFO - Started process (PID=581) to work on /opt/airflow/dags/file_etl_dag.py
[2026-04-27T07:03:14.494+0000] {processor.py:830} INFO - Processing file /opt/airflow/dags/file_etl_dag.py for tasks to queue
[2026-04-27T07:03:14.499+0000] {logging_mixin.py:188} INFO - [2026-04-27T07:03:14.498+0000] {dagbag.py:545} INFO - Filling up the DagBag from /opt/airflow/dags/file_etl_dag.py
[2026-04-27T07:03:15.156+0000] {processor.py:840} INFO - DAG(s) 'file_etl_pipeline' retrieved from /opt/airflow/dags/file_etl_dag.py
[2026-04-27T07:03:15.201+0000] {logging_mixin.py:188} INFO - [2026-04-27T07:03:15.201+0000] {dag.py:3089} INFO - Sync 1 DAGs
[2026-04-27T07:03:15.264+0000] {logging_mixin.py:188} INFO - [2026-04-27T07:03:15.263+0000] {dag.py:3947} INFO - Setting next_dagrun for file_etl_pipeline to 2026-04-27 00:00:00+00:00, run_after=2026-04-28 00:00:00+00:00
[2026-04-27T07:03:15.306+0000] {processor.py:183} INFO - Processing /opt/airflow/dags/file_etl_dag.py took 0.830 seconds
[2026-04-27T07:03:45.602+0000] {processor.py:161} INFO - Started process (PID=587) to work on /opt/airflow/dags/file_etl_dag.py
[2026-04-27T07:03:45.604+0000] {processor.py:830} INFO - Processing file /opt/airflow/dags/file_etl_dag.py for tasks to queue
[2026-04-27T07:03:45.607+0000] {logging_mixin.py:188} INFO - [2026-04-27T07:03:45.607+0000] {dagbag.py:545} INFO - Filling up the DagBag from /opt/airflow/dags/file_etl_dag.py
[2026-04-27T07:03:46.306+0000] {processor.py:840} INFO - DAG(s) 'file_etl_pipeline' retrieved from /opt/airflow/dags/file_etl_dag.py
[2026-04-27T07:03:46.352+0000] {logging_mixin.py:188} INFO - [2026-04-27T07:03:46.351+0000] {dag.py:3089} INFO - Sync 1 DAGs
[2026-04-27T07:03:46.409+0000] {logging_mixin.py:188} INFO - [2026-04-27T07:03:46.409+0000] {dag.py:3947} INFO - Setting next_dagrun for file_etl_pipeline to 2026-04-27 00:00:00+00:00, run_after=2026-04-28 00:00:00+00:00
[2026-04-27T07:03:46.458+0000] {processor.py:183} INFO - Processing /opt/airflow/dags/file_etl_dag.py took 0.869 seconds
[2026-04-27T07:04:16.742+0000] {processor.py:161} INFO - Started process (PID=593) to work on /opt/airflow/dags/file_etl_dag.py
[2026-04-27T07:04:16.743+0000] {processor.py:830} INFO - Processing file /opt/airflow/dags/file_etl_dag.py for tasks to queue
[2026-04-27T07:04:16.747+0000] {logging_mixin.py:188} INFO - [2026-04-27T07:04:16.747+0000] {dagbag.py:545} INFO - Filling up the DagBag from /opt/airflow/dags/file_etl_dag.py
[2026-04-27T07:04:17.208+0000] {processor.py:840} INFO - DAG(s) 'file_etl_pipeline' retrieved from /opt/airflow/dags/file_etl_dag.py
[2026-04-27T07:04:17.237+0000] {logging_mixin.py:188} INFO - [2026-04-27T07:04:17.236+0000] {dag.py:3089} INFO - Sync 1 DAGs
[2026-04-27T07:04:17.272+0000] {logging_mixin.py:188} INFO - [2026-04-27T07:04:17.272+0000] {dag.py:3947} INFO - Setting next_dagrun for file_etl_pipeline to 2026-04-27 00:00:00+00:00, run_after=2026-04-28 00:00:00+00:00
[2026-04-27T07:04:17.304+0000] {processor.py:183} INFO - Processing /opt/airflow/dags/file_etl_dag.py took 0.571 seconds
[2026-04-27T07:04:47.553+0000] {processor.py:161} INFO - Started process (PID=599) to work on /opt/airflow/dags/file_etl_dag.py
[2026-04-27T07:04:47.555+0000] {processor.py:830} INFO - Processing file /opt/airflow/dags/file_etl_dag.py for tasks to queue
[2026-04-27T07:04:47.559+0000] {logging_mixin.py:188} INFO - [2026-04-27T07:04:47.558+0000] {dagbag.py:545} INFO - Filling up the DagBag from /opt/airflow/dags/file_etl_dag.py
[2026-04-27T07:04:48.167+0000] {processor.py:840} INFO - DAG(s) 'file_etl_pipeline' retrieved from /opt/airflow/dags/file_etl_dag.py
[2026-04-27T07:04:48.196+0000] {logging_mixin.py:188} INFO - [2026-04-27T07:04:48.196+0000] {dag.py:3089} INFO - Sync 1 DAGs
[2026-04-27T07:04:48.233+0000] {logging_mixin.py:188} INFO - [2026-04-27T07:04:48.233+0000] {dag.py:3947} INFO - Setting next_dagrun for file_etl_pipeline to 2026-04-27 00:00:00+00:00, run_after=2026-04-28 00:00:00+00:00
[2026-04-27T07:04:48.263+0000] {processor.py:183} INFO - Processing /opt/airflow/dags/file_etl_dag.py took 0.723 seconds
[2026-04-27T07:05:18.547+0000] {processor.py:161} INFO - Started process (PID=605) to work on /opt/airflow/dags/file_etl_dag.py
[2026-04-27T07:05:18.549+0000] {processor.py:830} INFO - Processing file /opt/airflow/dags/file_etl_dag.py for tasks to queue
[2026-04-27T07:05:18.553+0000] {logging_mixin.py:188} INFO - [2026-04-27T07:05:18.552+0000] {dagbag.py:545} INFO - Filling up the DagBag from /opt/airflow/dags/file_etl_dag.py
[2026-04-27T07:05:19.083+0000] {processor.py:840} INFO - DAG(s) 'file_etl_pipeline' retrieved from /opt/airflow/dags/file_etl_dag.py
[2026-04-27T07:05:19.124+0000] {logging_mixin.py:188} INFO - [2026-04-27T07:05:19.123+0000] {dag.py:3089} INFO - Sync 1 DAGs
[2026-04-27T07:05:19.181+0000] {logging_mixin.py:188} INFO - [2026-04-27T07:05:19.181+0000] {dag.py:3947} INFO - Setting next_dagrun for file_etl_pipeline to 2026-04-27 00:00:00+00:00, run_after=2026-04-28 00:00:00+00:00
[2026-04-27T07:05:19.222+0000] {processor.py:183} INFO - Processing /opt/airflow/dags/file_etl_dag.py took 0.688 seconds
[2026-04-27T07:05:49.506+0000] {processor.py:161} INFO - Started process (PID=611) to work on /opt/airflow/dags/file_etl_dag.py
[2026-04-27T07:05:49.507+0000] {processor.py:830} INFO - Processing file /opt/airflow/dags/file_etl_dag.py for tasks to queue
[2026-04-27T07:05:49.511+0000] {logging_mixin.py:188} INFO - [2026-04-27T07:05:49.511+0000] {dagbag.py:545} INFO - Filling up the DagBag from /opt/airflow/dags/file_etl_dag.py
[2026-04-27T07:05:50.013+0000] {processor.py:840} INFO - DAG(s) 'file_etl_pipeline' retrieved from /opt/airflow/dags/file_etl_dag.py
[2026-04-27T07:05:50.045+0000] {logging_mixin.py:188} INFO - [2026-04-27T07:05:50.044+0000] {dag.py:3089} INFO - Sync 1 DAGs
[2026-04-27T07:05:50.089+0000] {logging_mixin.py:188} INFO - [2026-04-27T07:05:50.089+0000] {dag.py:3947} INFO - Setting next_dagrun for file_etl_pipeline to 2026-04-27 00:00:00+00:00, run_after=2026-04-28 00:00:00+00:00
[2026-04-27T07:05:50.346+0000] {processor.py:183} INFO - Processing /opt/airflow/dags/file_etl_dag.py took 0.850 seconds
[2026-04-27T07:06:20.684+0000] {processor.py:161} INFO - Started process (PID=617) to work on /opt/airflow/dags/file_etl_dag.py
[2026-04-27T07:06:20.686+0000] {processor.py:830} INFO - Processing file /opt/airflow/dags/file_etl_dag.py for tasks to queue
[2026-04-27T07:06:20.693+0000] {logging_mixin.py:188} INFO - [2026-04-27T07:06:20.692+0000] {dagbag.py:545} INFO - Filling up the DagBag from /opt/airflow/dags/file_etl_dag.py
[2026-04-27T07:06:21.581+0000] {processor.py:840} INFO - DAG(s) 'file_etl_pipeline' retrieved from /opt/airflow/dags/file_etl_dag.py
[2026-04-27T07:06:21.618+0000] {logging_mixin.py:188} INFO - [2026-04-27T07:06:21.617+0000] {dag.py:3089} INFO - Sync 1 DAGs
[2026-04-27T07:06:21.681+0000] {logging_mixin.py:188} INFO - [2026-04-27T07:06:21.681+0000] {dag.py:3947} INFO - Setting next_dagrun for file_etl_pipeline to 2026-04-27 00:00:00+00:00, run_after=2026-04-28 00:00:00+00:00
[2026-04-27T07:06:21.730+0000] {processor.py:183} INFO - Processing /opt/airflow/dags/file_etl_dag.py took 1.060 seconds
[2026-04-27T07:06:51.975+0000] {processor.py:161} INFO - Started process (PID=623) to work on /opt/airflow/dags/file_etl_dag.py
[2026-04-27T07:06:51.980+0000] {processor.py:830} INFO - Processing file /opt/airflow/dags/file_etl_dag.py for tasks to queue
[2026-04-27T07:06:51.988+0000] {logging_mixin.py:188} INFO - [2026-04-27T07:06:51.986+0000] {dagbag.py:545} INFO - Filling up the DagBag from /opt/airflow/dags/file_etl_dag.py
[2026-04-27T07:06:52.655+0000] {processor.py:840} INFO - DAG(s) 'file_etl_pipeline' retrieved from /opt/airflow/dags/file_etl_dag.py
[2026-04-27T07:06:52.684+0000] {logging_mixin.py:188} INFO - [2026-04-27T07:06:52.683+0000] {dag.py:3089} INFO - Sync 1 DAGs
[2026-04-27T07:06:52.723+0000] {logging_mixin.py:188} INFO - [2026-04-27T07:06:52.723+0000] {dag.py:3947} INFO - Setting next_dagrun for file_etl_pipeline to 2026-04-27 00:00:00+00:00, run_after=2026-04-28 00:00:00+00:00
[2026-04-27T07:06:52.758+0000] {processor.py:183} INFO - Processing /opt/airflow/dags/file_etl_dag.py took 0.809 seconds
[2026-04-27T07:07:23.093+0000] {processor.py:161} INFO - Started process (PID=629) to work on /opt/airflow/dags/file_etl_dag.py
[2026-04-27T07:07:23.098+0000] {processor.py:830} INFO - Processing file /opt/airflow/dags/file_etl_dag.py for tasks to queue
[2026-04-27T07:07:23.106+0000] {logging_mixin.py:188} INFO - [2026-04-27T07:07:23.105+0000] {dagbag.py:545} INFO - Filling up the DagBag from /opt/airflow/dags/file_etl_dag.py
[2026-04-27T07:07:23.783+0000] {processor.py:840} INFO - DAG(s) 'file_etl_pipeline' retrieved from /opt/airflow/dags/file_etl_dag.py
[2026-04-27T07:07:23.816+0000] {logging_mixin.py:188} INFO - [2026-04-27T07:07:23.816+0000] {dag.py:3089} INFO - Sync 1 DAGs
[2026-04-27T07:07:23.864+0000] {logging_mixin.py:188} INFO - [2026-04-27T07:07:23.864+0000] {dag.py:3947} INFO - Setting next_dagrun for file_etl_pipeline to 2026-04-27 00:00:00+00:00, run_after=2026-04-28 00:00:00+00:00
[2026-04-27T07:07:23.903+0000] {processor.py:183} INFO - Processing /opt/airflow/dags/file_etl_dag.py took 0.834 seconds
[2026-04-27T07:07:54.206+0000] {processor.py:161} INFO - Started process (PID=635) to work on /opt/airflow/dags/file_etl_dag.py
[2026-04-27T07:07:54.208+0000] {processor.py:830} INFO - Processing file /opt/airflow/dags/file_etl_dag.py for tasks to queue
[2026-04-27T07:07:54.211+0000] {logging_mixin.py:188} INFO - [2026-04-27T07:07:54.211+0000] {dagbag.py:545} INFO - Filling up the DagBag from /opt/airflow/dags/file_etl_dag.py
[2026-04-27T07:07:54.814+0000] {processor.py:840} INFO - DAG(s) 'file_etl_pipeline' retrieved from /opt/airflow/dags/file_etl_dag.py
[2026-04-27T07:07:54.841+0000] {logging_mixin.py:188} INFO - [2026-04-27T07:07:54.841+0000] {dag.py:3089} INFO - Sync 1 DAGs
[2026-04-27T07:07:54.876+0000] {logging_mixin.py:188} INFO - [2026-04-27T07:07:54.876+0000] {dag.py:3947} INFO - Setting next_dagrun for file_etl_pipeline to 2026-04-27 00:00:00+00:00, run_after=2026-04-28 00:00:00+00:00
[2026-04-27T07:07:54.914+0000] {processor.py:183} INFO - Processing /opt/airflow/dags/file_etl_dag.py took 0.719 seconds
[2026-04-27T07:08:25.214+0000] {processor.py:161} INFO - Started process (PID=641) to work on /opt/airflow/dags/file_etl_dag.py
[2026-04-27T07:08:25.216+0000] {processor.py:830} INFO - Processing file /opt/airflow/dags/file_etl_dag.py for tasks to queue
[2026-04-27T07:08:25.221+0000] {logging_mixin.py:188} INFO - [2026-04-27T07:08:25.220+0000] {dagbag.py:545} INFO - Filling up the DagBag from /opt/airflow/dags/file_etl_dag.py
[2026-04-27T07:08:25.733+0000] {processor.py:840} INFO - DAG(s) 'file_etl_pipeline' retrieved from /opt/airflow/dags/file_etl_dag.py
[2026-04-27T07:08:25.761+0000] {logging_mixin.py:188} INFO - [2026-04-27T07:08:25.761+0000] {dag.py:3089} INFO - Sync 1 DAGs
[2026-04-27T07:08:25.800+0000] {logging_mixin.py:188} INFO - [2026-04-27T07:08:25.799+0000] {dag.py:3947} INFO - Setting next_dagrun for file_etl_pipeline to 2026-04-27 00:00:00+00:00, run_after=2026-04-28 00:00:00+00:00
[2026-04-27T07:08:26.053+0000] {processor.py:183} INFO - Processing /opt/airflow/dags/file_etl_dag.py took 0.853 seconds
[2026-04-27T07:08:56.353+0000] {processor.py:161} INFO - Started process (PID=647) to work on /opt/airflow/dags/file_etl_dag.py
[2026-04-27T07:08:56.355+0000] {processor.py:830} INFO - Processing file /opt/airflow/dags/file_etl_dag.py for tasks to queue
[2026-04-27T07:08:56.360+0000] {logging_mixin.py:188} INFO - [2026-04-27T07:08:56.359+0000] {dagbag.py:545} INFO - Filling up the DagBag from /opt/airflow/dags/file_etl_dag.py
[2026-04-27T07:08:56.905+0000] {processor.py:840} INFO - DAG(s) 'file_etl_pipeline' retrieved from /opt/airflow/dags/file_etl_dag.py
[2026-04-27T07:08:56.937+0000] {logging_mixin.py:188} INFO - [2026-04-27T07:08:56.937+0000] {dag.py:3089} INFO - Sync 1 DAGs
[2026-04-27T07:08:57.215+0000] {logging_mixin.py:188} INFO - [2026-04-27T07:08:57.214+0000] {dag.py:3947} INFO - Setting next_dagrun for file_etl_pipeline to 2026-04-27 00:00:00+00:00, run_after=2026-04-28 00:00:00+00:00
[2026-04-27T07:08:57.250+0000] {processor.py:183} INFO - Processing /opt/airflow/dags/file_etl_dag.py took 0.909 seconds
[2026-04-27T07:09:27.547+0000] {processor.py:161} INFO - Started process (PID=653) to work on /opt/airflow/dags/file_etl_dag.py
[2026-04-27T07:09:27.549+0000] {processor.py:830} INFO - Processing file /opt/airflow/dags/file_etl_dag.py for tasks to queue
[2026-04-27T07:09:27.554+0000] {logging_mixin.py:188} INFO - [2026-04-27T07:09:27.553+0000] {dagbag.py:545} INFO - Filling up the DagBag from /opt/airflow/dags/file_etl_dag.py
[2026-04-27T07:09:28.227+0000] {processor.py:840} INFO - DAG(s) 'file_etl_pipeline' retrieved from /opt/airflow/dags/file_etl_dag.py
[2026-04-27T07:09:28.268+0000] {logging_mixin.py:188} INFO - [2026-04-27T07:09:28.267+0000] {dag.py:3089} INFO - Sync 1 DAGs
[2026-04-27T07:09:28.312+0000] {logging_mixin.py:188} INFO - [2026-04-27T07:09:28.312+0000] {dag.py:3947} INFO - Setting next_dagrun for file_etl_pipeline to 2026-04-27 00:00:00+00:00, run_after=2026-04-28 00:00:00+00:00
[2026-04-27T07:09:28.345+0000] {processor.py:183} INFO - Processing /opt/airflow/dags/file_etl_dag.py took 0.811 seconds
[2026-04-27T07:09:58.556+0000] {processor.py:161} INFO - Started process (PID=659) to work on /opt/airflow/dags/file_etl_dag.py
[2026-04-27T07:09:58.557+0000] {processor.py:830} INFO - Processing file /opt/airflow/dags/file_etl_dag.py for tasks to queue
[2026-04-27T07:09:58.559+0000] {logging_mixin.py:188} INFO - [2026-04-27T07:09:58.559+0000] {dagbag.py:545} INFO - Filling up the DagBag from /opt/airflow/dags/file_etl_dag.py
[2026-04-27T07:09:58.903+0000] {processor.py:840} INFO - DAG(s) 'file_etl_pipeline' retrieved from /opt/airflow/dags/file_etl_dag.py
[2026-04-27T07:09:58.925+0000] {logging_mixin.py:188} INFO - [2026-04-27T07:09:58.924+0000] {dag.py:3089} INFO - Sync 1 DAGs
[2026-04-27T07:09:58.952+0000] {logging_mixin.py:188} INFO - [2026-04-27T07:09:58.951+0000] {dag.py:3947} INFO - Setting next_dagrun for file_etl_pipeline to 2026-04-27 00:00:00+00:00, run_after=2026-04-28 00:00:00+00:00
[2026-04-27T07:09:58.975+0000] {processor.py:183} INFO - Processing /opt/airflow/dags/file_etl_dag.py took 0.426 seconds
[2026-04-27T07:10:29.180+0000] {processor.py:161} INFO - Started process (PID=665) to work on /opt/airflow/dags/file_etl_dag.py
[2026-04-27T07:10:29.182+0000] {processor.py:830} INFO - Processing file /opt/airflow/dags/file_etl_dag.py for tasks to queue
[2026-04-27T07:10:29.184+0000] {logging_mixin.py:188} INFO - [2026-04-27T07:10:29.183+0000] {dagbag.py:545} INFO - Filling up the DagBag from /opt/airflow/dags/file_etl_dag.py
[2026-04-27T07:10:29.513+0000] {processor.py:840} INFO - DAG(s) 'file_etl_pipeline' retrieved from /opt/airflow/dags/file_etl_dag.py
[2026-04-27T07:10:29.534+0000] {logging_mixin.py:188} INFO - [2026-04-27T07:10:29.533+0000] {dag.py:3089} INFO - Sync 1 DAGs
[2026-04-27T07:10:29.560+0000] {logging_mixin.py:188} INFO - [2026-04-27T07:10:29.560+0000] {dag.py:3947} INFO - Setting next_dagrun for file_etl_pipeline to 2026-04-27 00:00:00+00:00, run_after=2026-04-28 00:00:00+00:00
[2026-04-27T07:10:29.581+0000] {processor.py:183} INFO - Processing /opt/airflow/dags/file_etl_dag.py took 0.407 seconds
[2026-04-27T07:10:59.877+0000] {processor.py:161} INFO - Started process (PID=671) to work on /opt/airflow/dags/file_etl_dag.py
[2026-04-27T07:10:59.879+0000] {processor.py:830} INFO - Processing file /opt/airflow/dags/file_etl_dag.py for tasks to queue
[2026-04-27T07:10:59.882+0000] {logging_mixin.py:188} INFO - [2026-04-27T07:10:59.881+0000] {dagbag.py:545} INFO - Filling up the DagBag from /opt/airflow/dags/file_etl_dag.py
[2026-04-27T07:11:00.248+0000] {processor.py:840} INFO - DAG(s) 'file_etl_pipeline' retrieved from /opt/airflow/dags/file_etl_dag.py
[2026-04-27T07:11:00.270+0000] {logging_mixin.py:188} INFO - [2026-04-27T07:11:00.270+0000] {dag.py:3089} INFO - Sync 1 DAGs
[2026-04-27T07:11:00.298+0000] {logging_mixin.py:188} INFO - [2026-04-27T07:11:00.298+0000] {dag.py:3947} INFO - Setting next_dagrun for file_etl_pipeline to 2026-04-27 00:00:00+00:00, run_after=2026-04-28 00:00:00+00:00
[2026-04-27T07:11:00.321+0000] {processor.py:183} INFO - Processing /opt/airflow/dags/file_etl_dag.py took 0.455 seconds
[2026-04-27T07:11:30.639+0000] {processor.py:161} INFO - Started process (PID=677) to work on /opt/airflow/dags/file_etl_dag.py
[2026-04-27T07:11:30.640+0000] {processor.py:830} INFO - Processing file /opt/airflow/dags/file_etl_dag.py for tasks to queue
[2026-04-27T07:11:30.645+0000] {logging_mixin.py:188} INFO - [2026-04-27T07:11:30.645+0000] {dagbag.py:545} INFO - Filling up the DagBag from /opt/airflow/dags/file_etl_dag.py
[2026-04-27T07:11:31.029+0000] {processor.py:840} INFO - DAG(s) 'file_etl_pipeline' retrieved from /opt/airflow/dags/file_etl_dag.py
[2026-04-27T07:11:31.051+0000] {logging_mixin.py:188} INFO - [2026-04-27T07:11:31.050+0000] {dag.py:3089} INFO - Sync 1 DAGs
[2026-04-27T07:11:31.081+0000] {logging_mixin.py:188} INFO - [2026-04-27T07:11:31.081+0000] {dag.py:3947} INFO - Setting next_dagrun for file_etl_pipeline to 2026-04-27 00:00:00+00:00, run_after=2026-04-28 00:00:00+00:00
[2026-04-27T07:11:31.284+0000] {processor.py:183} INFO - Processing /opt/airflow/dags/file_etl_dag.py took 0.655 seconds
[2026-04-27T07:12:01.519+0000] {processor.py:161} INFO - Started process (PID=683) to work on /opt/airflow/dags/file_etl_dag.py
[2026-04-27T07:12:01.521+0000] {processor.py:830} INFO - Processing file /opt/airflow/dags/file_etl_dag.py for tasks to queue
[2026-04-27T07:12:01.525+0000] {logging_mixin.py:188} INFO - [2026-04-27T07:12:01.525+0000] {dagbag.py:545} INFO - Filling up the DagBag from /opt/airflow/dags/file_etl_dag.py
[2026-04-27T07:12:01.925+0000] {processor.py:840} INFO - DAG(s) 'file_etl_pipeline' retrieved from /opt/airflow/dags/file_etl_dag.py
[2026-04-27T07:12:01.949+0000] {logging_mixin.py:188} INFO - [2026-04-27T07:12:01.949+0000] {dag.py:3089} INFO - Sync 1 DAGs
[2026-04-27T07:12:02.167+0000] {logging_mixin.py:188} INFO - [2026-04-27T07:12:02.167+0000] {dag.py:3947} INFO - Setting next_dagrun for file_etl_pipeline to 2026-04-27 00:00:00+00:00, run_after=2026-04-28 00:00:00+00:00
[2026-04-27T07:12:02.188+0000] {processor.py:183} INFO - Processing /opt/airflow/dags/file_etl_dag.py took 0.678 seconds
[2026-04-27T07:12:32.469+0000] {processor.py:161} INFO - Started process (PID=689) to work on /opt/airflow/dags/file_etl_dag.py
[2026-04-27T07:12:32.470+0000] {processor.py:830} INFO - Processing file /opt/airflow/dags/file_etl_dag.py for tasks to queue
[2026-04-27T07:12:32.473+0000] {logging_mixin.py:188} INFO - [2026-04-27T07:12:32.472+0000] {dagbag.py:545} INFO - Filling up the DagBag from /opt/airflow/dags/file_etl_dag.py
[2026-04-27T07:12:32.853+0000] {processor.py:840} INFO - DAG(s) 'file_etl_pipeline' retrieved from /opt/airflow/dags/file_etl_dag.py
[2026-04-27T07:12:33.302+0000] {logging_mixin.py:188} INFO - [2026-04-27T07:12:33.302+0000] {dag.py:3089} INFO - Sync 1 DAGs
[2026-04-27T07:12:33.328+0000] {logging_mixin.py:188} INFO - [2026-04-27T07:12:33.327+0000] {dag.py:3947} INFO - Setting next_dagrun for file_etl_pipeline to 2026-04-27 00:00:00+00:00, run_after=2026-04-28 00:00:00+00:00
[2026-04-27T07:12:33.352+0000] {processor.py:183} INFO - Processing /opt/airflow/dags/file_etl_dag.py took 0.895 seconds
[2026-04-27T07:13:03.675+0000] {processor.py:161} INFO - Started process (PID=695) to work on /opt/airflow/dags/file_etl_dag.py
[2026-04-27T07:13:03.677+0000] {processor.py:830} INFO - Processing file /opt/airflow/dags/file_etl_dag.py for tasks to queue
[2026-04-27T07:13:03.680+0000] {logging_mixin.py:188} INFO - [2026-04-27T07:13:03.680+0000] {dagbag.py:545} INFO - Filling up the DagBag from /opt/airflow/dags/file_etl_dag.py
[2026-04-27T07:13:04.063+0000] {processor.py:840} INFO - DAG(s) 'file_etl_pipeline' retrieved from /opt/airflow/dags/file_etl_dag.py
[2026-04-27T07:13:04.085+0000] {logging_mixin.py:188} INFO - [2026-04-27T07:13:04.085+0000] {dag.py:3089} INFO - Sync 1 DAGs
[2026-04-27T07:13:04.116+0000] {logging_mixin.py:188} INFO - [2026-04-27T07:13:04.116+0000] {dag.py:3947} INFO - Setting next_dagrun for file_etl_pipeline to 2026-04-27 00:00:00+00:00, run_after=2026-04-28 00:00:00+00:00
[2026-04-27T07:13:04.139+0000] {processor.py:183} INFO - Processing /opt/airflow/dags/file_etl_dag.py took 0.473 seconds
[2026-04-27T07:13:34.192+0000] {processor.py:161} INFO - Started process (PID=701) to work on /opt/airflow/dags/file_etl_dag.py
[2026-04-27T07:13:34.194+0000] {processor.py:830} INFO - Processing file /opt/airflow/dags/file_etl_dag.py for tasks to queue
[2026-04-27T07:13:34.198+0000] {logging_mixin.py:188} INFO - [2026-04-27T07:13:34.197+0000] {dagbag.py:545} INFO - Filling up the DagBag from /opt/airflow/dags/file_etl_dag.py
[2026-04-27T07:13:34.579+0000] {processor.py:840} INFO - DAG(s) 'file_etl_pipeline' retrieved from /opt/airflow/dags/file_etl_dag.py
[2026-04-27T07:13:34.891+0000] {logging_mixin.py:188} INFO - [2026-04-27T07:13:34.891+0000] {dag.py:3089} INFO - Sync 1 DAGs
[2026-04-27T07:13:34.913+0000] {logging_mixin.py:188} INFO - [2026-04-27T07:13:34.913+0000] {dag.py:3947} INFO - Setting next_dagrun for file_etl_pipeline to 2026-04-27 00:00:00+00:00, run_after=2026-04-28 00:00:00+00:00
[2026-04-27T07:13:34.938+0000] {processor.py:183} INFO - Processing /opt/airflow/dags/file_etl_dag.py took 0.755 seconds
[2026-04-27T07:14:05.268+0000] {processor.py:161} INFO - Started process (PID=707) to work on /opt/airflow/dags/file_etl_dag.py
[2026-04-27T07:14:05.269+0000] {processor.py:830} INFO - Processing file /opt/airflow/dags/file_etl_dag.py for tasks to queue
[2026-04-27T07:14:05.275+0000] {logging_mixin.py:188} INFO - [2026-04-27T07:14:05.274+0000] {dagbag.py:545} INFO - Filling up the DagBag from /opt/airflow/dags/file_etl_dag.py
[2026-04-27T07:14:05.652+0000] {processor.py:840} INFO - DAG(s) 'file_etl_pipeline' retrieved from /opt/airflow/dags/file_etl_dag.py
[2026-04-27T07:14:05.674+0000] {logging_mixin.py:188} INFO - [2026-04-27T07:14:05.673+0000] {dag.py:3089} INFO - Sync 1 DAGs
[2026-04-27T07:14:05.703+0000] {logging_mixin.py:188} INFO - [2026-04-27T07:14:05.703+0000] {dag.py:3947} INFO - Setting next_dagrun for file_etl_pipeline to 2026-04-27 00:00:00+00:00, run_after=2026-04-28 00:00:00+00:00
[2026-04-27T07:14:05.726+0000] {processor.py:183} INFO - Processing /opt/airflow/dags/file_etl_dag.py took 0.465 seconds
