[2026-04-27T06:27:59.829+0000] {local_task_job_runner.py:120} INFO - ::group::Pre task execution logs
[2026-04-27T06:27:59.907+0000] {taskinstance.py:2076} INFO - Dependencies all met for dep_context=non-requeueable deps ti=<TaskInstance: file_etl_pipeline.load_task scheduled__2026-04-26T00:00:00+00:00 [queued]>
[2026-04-27T06:27:59.923+0000] {taskinstance.py:2076} INFO - Dependencies all met for dep_context=requeueable deps ti=<TaskInstance: file_etl_pipeline.load_task scheduled__2026-04-26T00:00:00+00:00 [queued]>
[2026-04-27T06:27:59.924+0000] {taskinstance.py:2306} INFO - Starting attempt 1 of 2
[2026-04-27T06:27:59.947+0000] {taskinstance.py:2330} INFO - Executing <Task(PythonOperator): load_task> on 2026-04-26 00:00:00+00:00
[2026-04-27T06:27:59.967+0000] {standard_task_runner.py:90} INFO - Running: ['***', 'tasks', 'run', 'file_etl_pipeline', 'load_task', 'scheduled__2026-04-26T00:00:00+00:00', '--job-id', '16', '--raw', '--subdir', 'DAGS_FOLDER/file_etl_dag.py', '--cfg-path', '/tmp/tmp423bohmy']
[2026-04-27T06:27:59.979+0000] {standard_task_runner.py:91} INFO - Job 16: Subtask load_task
[2026-04-27T06:27:59.979+0000] {logging_mixin.py:188} WARNING - /home/***/.local/lib/python3.12/site-packages/***/task/task_runner/standard_task_runner.py:62 DeprecationWarning: This process (pid=176) is multi-threaded, use of fork() may lead to deadlocks in the child.
[2026-04-27T06:27:59.983+0000] {standard_task_runner.py:64} INFO - Started process 178 to run task
[2026-04-27T06:28:00.124+0000] {task_command.py:426} INFO - Running <TaskInstance: file_etl_pipeline.load_task scheduled__2026-04-26T00:00:00+00:00 [running]> on host f6f91ccb8bc7
[2026-04-27T06:28:00.313+0000] {taskinstance.py:2648} INFO - Exporting env vars: AIRFLOW_CTX_DAG_OWNER='team_project' AIRFLOW_CTX_DAG_ID='file_etl_pipeline' AIRFLOW_CTX_TASK_ID='load_task' AIRFLOW_CTX_EXECUTION_DATE='2026-04-26T00:00:00+00:00' AIRFLOW_CTX_TRY_NUMBER='1' AIRFLOW_CTX_DAG_RUN_ID='scheduled__2026-04-26T00:00:00+00:00'
[2026-04-27T06:28:00.317+0000] {taskinstance.py:430} INFO - ::endgroup::
[2026-04-27T06:28:00.622+0000] {load.py:29} INFO - Data loaded successfully to: /opt/***/data/output/transformed_customers_20260427_062800.csv
[2026-04-27T06:28:00.623+0000] {load.py:30} INFO - Saved 7 records, 9 columns
[2026-04-27T06:28:00.628+0000] {python.py:237} INFO - Done. Returned value was: Loaded 7 records to /opt/***/data/output/transformed_customers_20260427_062800.csv
[2026-04-27T06:28:00.629+0000] {taskinstance.py:441} INFO - ::group::Post task execution logs
[2026-04-27T06:28:00.690+0000] {taskinstance.py:1206} INFO - Marking task as SUCCESS. dag_id=file_etl_pipeline, task_id=load_task, run_id=scheduled__2026-04-26T00:00:00+00:00, execution_date=20260426T000000, start_date=20260427T062759, end_date=20260427T062800
[2026-04-27T06:28:00.766+0000] {local_task_job_runner.py:243} INFO - Task exited with return code 0
[2026-04-27T06:28:00.801+0000] {taskinstance.py:3503} INFO - 0 downstream tasks scheduled from follow-on schedule check
[2026-04-27T06:28:00.803+0000] {local_task_job_runner.py:222} INFO - ::endgroup::
