[2026-04-25T16:09:35.676+0000] {local_task_job_runner.py:120} INFO - ::group::Pre task execution logs
[2026-04-25T16:09:35.753+0000] {taskinstance.py:2076} INFO - Dependencies all met for dep_context=non-requeueable deps ti=<TaskInstance: file_etl_pipeline.extract_task manual__2026-04-25T16:09:33.746519+00:00 [queued]>
[2026-04-25T16:09:35.767+0000] {taskinstance.py:2076} INFO - Dependencies all met for dep_context=requeueable deps ti=<TaskInstance: file_etl_pipeline.extract_task manual__2026-04-25T16:09:33.746519+00:00 [queued]>
[2026-04-25T16:09:35.769+0000] {taskinstance.py:2306} INFO - Starting attempt 1 of 2
[2026-04-25T16:09:35.795+0000] {taskinstance.py:2330} INFO - Executing <Task(PythonOperator): extract_task> on 2026-04-25 16:09:33.746519+00:00
[2026-04-25T16:09:35.811+0000] {standard_task_runner.py:90} INFO - Running: ['***', 'tasks', 'run', 'file_etl_pipeline', 'extract_task', 'manual__2026-04-25T16:09:33.746519+00:00', '--job-id', '10', '--raw', '--subdir', 'DAGS_FOLDER/file_etl_dag.py', '--cfg-path', '/tmp/tmp79ota3rg']
[2026-04-25T16:09:35.818+0000] {logging_mixin.py:188} WARNING - /home/***/.local/lib/python3.12/site-packages/***/task/task_runner/standard_task_runner.py:62 DeprecationWarning: This process (pid=176) is multi-threaded, use of fork() may lead to deadlocks in the child.
[2026-04-25T16:09:35.820+0000] {standard_task_runner.py:91} INFO - Job 10: Subtask extract_task
[2026-04-25T16:09:35.820+0000] {standard_task_runner.py:64} INFO - Started process 178 to run task
[2026-04-25T16:09:36.035+0000] {task_command.py:426} INFO - Running <TaskInstance: file_etl_pipeline.extract_task manual__2026-04-25T16:09:33.746519+00:00 [running]> on host 6c284fced68d
[2026-04-25T16:09:36.316+0000] {taskinstance.py:2648} INFO - Exporting env vars: AIRFLOW_CTX_DAG_OWNER='team_project' AIRFLOW_CTX_DAG_ID='file_etl_pipeline' AIRFLOW_CTX_TASK_ID='extract_task' AIRFLOW_CTX_EXECUTION_DATE='2026-04-25T16:09:33.746519+00:00' AIRFLOW_CTX_TRY_NUMBER='1' AIRFLOW_CTX_DAG_RUN_ID='manual__2026-04-25T16:09:33.746519+00:00'
[2026-04-25T16:09:36.318+0000] {taskinstance.py:430} INFO - ::endgroup::
[2026-04-25T16:09:36.376+0000] {extract.py:8} INFO - Extracting data from: /opt/***/data/input/customers.csv
[2026-04-25T16:09:36.398+0000] {extract.py:12} INFO - Extracted 7 records
[2026-04-25T16:09:36.399+0000] {extract.py:13} INFO - Columns: ['customer_id', 'name', 'email', 'age', 'city', 'spent_amount']
[2026-04-25T16:09:36.719+0000] {python.py:237} INFO - Done. Returned value was: Extracted 7 records
[2026-04-25T16:09:36.720+0000] {taskinstance.py:441} INFO - ::group::Post task execution logs
[2026-04-25T16:09:36.768+0000] {taskinstance.py:1206} INFO - Marking task as SUCCESS. dag_id=file_etl_pipeline, task_id=extract_task, run_id=manual__2026-04-25T16:09:33.746519+00:00, execution_date=20260425T160933, start_date=20260425T160935, end_date=20260425T160936
[2026-04-25T16:09:36.841+0000] {local_task_job_runner.py:243} INFO - Task exited with return code 0
[2026-04-25T16:09:36.902+0000] {taskinstance.py:3503} INFO - 1 downstream tasks scheduled from follow-on schedule check
[2026-04-25T16:09:36.906+0000] {local_task_job_runner.py:222} INFO - ::endgroup::
