[2026-04-25T10:19:36.784+0000] {local_task_job_runner.py:120} INFO - ::group::Pre task execution logs
[2026-04-25T10:19:36.849+0000] {taskinstance.py:2076} INFO - Dependencies all met for dep_context=non-requeueable deps ti=<TaskInstance: file_etl_pipeline.transform_task manual__2026-04-25T10:14:29.778190+00:00 [queued]>
[2026-04-25T10:19:36.863+0000] {taskinstance.py:2076} INFO - Dependencies all met for dep_context=requeueable deps ti=<TaskInstance: file_etl_pipeline.transform_task manual__2026-04-25T10:14:29.778190+00:00 [queued]>
[2026-04-25T10:19:36.864+0000] {taskinstance.py:2306} INFO - Starting attempt 2 of 2
[2026-04-25T10:19:36.886+0000] {taskinstance.py:2330} INFO - Executing <Task(PythonOperator): transform_task> on 2026-04-25 10:14:29.778190+00:00
[2026-04-25T10:19:36.900+0000] {standard_task_runner.py:90} INFO - Running: ['***', 'tasks', 'run', 'file_etl_pipeline', 'transform_task', 'manual__2026-04-25T10:14:29.778190+00:00', '--job-id', '4', '--raw', '--subdir', 'DAGS_FOLDER/file_etl_dag.py', '--cfg-path', '/tmp/tmpln_549ie']
[2026-04-25T10:19:36.906+0000] {standard_task_runner.py:91} INFO - Job 4: Subtask transform_task
[2026-04-25T10:19:36.908+0000] {logging_mixin.py:188} WARNING - /home/***/.local/lib/python3.12/site-packages/***/task/task_runner/standard_task_runner.py:62 DeprecationWarning: This process (pid=267) is multi-threaded, use of fork() may lead to deadlocks in the child.
[2026-04-25T10:19:36.910+0000] {standard_task_runner.py:64} INFO - Started process 269 to run task
[2026-04-25T10:19:37.034+0000] {task_command.py:426} INFO - Running <TaskInstance: file_etl_pipeline.transform_task manual__2026-04-25T10:14:29.778190+00:00 [running]> on host 117a4806cfdc
[2026-04-25T10:19:37.217+0000] {taskinstance.py:2648} INFO - Exporting env vars: AIRFLOW_CTX_DAG_OWNER='team_project' AIRFLOW_CTX_DAG_ID='file_etl_pipeline' AIRFLOW_CTX_TASK_ID='transform_task' AIRFLOW_CTX_EXECUTION_DATE='2026-04-25T10:14:29.778190+00:00' AIRFLOW_CTX_TRY_NUMBER='2' AIRFLOW_CTX_DAG_RUN_ID='manual__2026-04-25T10:14:29.778190+00:00'
[2026-04-25T10:19:37.219+0000] {taskinstance.py:430} INFO - ::endgroup::
[2026-04-25T10:19:37.272+0000] {taskinstance.py:441} INFO - ::group::Post task execution logs
[2026-04-25T10:19:37.273+0000] {taskinstance.py:2905} ERROR - Task failed with exception
Traceback (most recent call last):
  File "/home/airflow/.local/lib/python3.12/site-packages/airflow/models/taskinstance.py", line 465, in _execute_task
    result = _execute_callable(context=context, **execute_callable_kwargs)
             ^^^^^^^^^^^^^^^^^^^^^^^^^^^^^^^^^^^^^^^^^^^^^^^^^^^^^^^^^^^^^
  File "/home/airflow/.local/lib/python3.12/site-packages/airflow/models/taskinstance.py", line 432, in _execute_callable
    return execute_callable(context=context, **execute_callable_kwargs)
           ^^^^^^^^^^^^^^^^^^^^^^^^^^^^^^^^^^^^^^^^^^^^^^^^^^^^^^^^^^^^
  File "/home/airflow/.local/lib/python3.12/site-packages/airflow/models/baseoperator.py", line 401, in wrapper
    return func(self, *args, **kwargs)
           ^^^^^^^^^^^^^^^^^^^^^^^^^^^
  File "/home/airflow/.local/lib/python3.12/site-packages/airflow/operators/python.py", line 235, in execute
    return_value = self.execute_callable()
                   ^^^^^^^^^^^^^^^^^^^^^^^
  File "/home/airflow/.local/lib/python3.12/site-packages/airflow/operators/python.py", line 252, in execute_callable
    return self.python_callable(*self.op_args, **self.op_kwargs)
           ^^^^^^^^^^^^^^^^^^^^^^^^^^^^^^^^^^^^^^^^^^^^^^^^^^^^^
  File "/opt/airflow/scripts/transform.py", line 12, in transform_data
    raise ValueError("No data received from extract task")
ValueError: No data received from extract task
[2026-04-25T10:19:37.604+0000] {taskinstance.py:1206} INFO - Marking task as FAILED. dag_id=file_etl_pipeline, task_id=transform_task, run_id=manual__2026-04-25T10:14:29.778190+00:00, execution_date=20260425T101429, start_date=20260425T101936, end_date=20260425T101937
[2026-04-25T10:19:37.627+0000] {standard_task_runner.py:110} ERROR - Failed to execute job 4 for task transform_task (No data received from extract task; 269)
[2026-04-25T10:19:37.690+0000] {local_task_job_runner.py:243} INFO - Task exited with return code 1
[2026-04-25T10:19:37.747+0000] {taskinstance.py:3503} INFO - 0 downstream tasks scheduled from follow-on schedule check
[2026-04-25T10:19:37.755+0000] {local_task_job_runner.py:222} INFO - ::endgroup::
