[2026-04-25T10:27:37.464+0000] {local_task_job_runner.py:120} INFO - ::group::Pre task execution logs
[2026-04-25T10:27:37.536+0000] {taskinstance.py:2076} INFO - Dependencies all met for dep_context=non-requeueable deps ti=<TaskInstance: file_etl_pipeline.extract_task manual__2026-04-25T10:27:35.495897+00:00 [queued]>
[2026-04-25T10:27:37.552+0000] {taskinstance.py:2076} INFO - Dependencies all met for dep_context=requeueable deps ti=<TaskInstance: file_etl_pipeline.extract_task manual__2026-04-25T10:27:35.495897+00:00 [queued]>
[2026-04-25T10:27:37.553+0000] {taskinstance.py:2306} INFO - Starting attempt 1 of 2
[2026-04-25T10:27:37.579+0000] {taskinstance.py:2330} INFO - Executing <Task(PythonOperator): extract_task> on 2026-04-25 10:27:35.495897+00:00
[2026-04-25T10:27:37.596+0000] {logging_mixin.py:188} WARNING - /home/***/.local/lib/python3.12/site-packages/***/task/task_runner/standard_task_runner.py:62 DeprecationWarning: This process (pid=194) is multi-threaded, use of fork() may lead to deadlocks in the child.
[2026-04-25T10:27:37.593+0000] {standard_task_runner.py:90} INFO - Running: ['***', 'tasks', 'run', 'file_etl_pipeline', 'extract_task', 'manual__2026-04-25T10:27:35.495897+00:00', '--job-id', '6', '--raw', '--subdir', 'DAGS_FOLDER/file_etl_dag.py', '--cfg-path', '/tmp/tmp4ynj_17c']
[2026-04-25T10:27:37.599+0000] {standard_task_runner.py:64} INFO - Started process 196 to run task
[2026-04-25T10:27:37.599+0000] {standard_task_runner.py:91} INFO - Job 6: Subtask extract_task
[2026-04-25T10:27:37.739+0000] {task_command.py:426} INFO - Running <TaskInstance: file_etl_pipeline.extract_task manual__2026-04-25T10:27:35.495897+00:00 [running]> on host a3cbb1fd0c20
[2026-04-25T10:27:37.965+0000] {taskinstance.py:2648} INFO - Exporting env vars: AIRFLOW_CTX_DAG_OWNER='team_project' AIRFLOW_CTX_DAG_ID='file_etl_pipeline' AIRFLOW_CTX_TASK_ID='extract_task' AIRFLOW_CTX_EXECUTION_DATE='2026-04-25T10:27:35.495897+00:00' AIRFLOW_CTX_TRY_NUMBER='1' AIRFLOW_CTX_DAG_RUN_ID='manual__2026-04-25T10:27:35.495897+00:00'
[2026-04-25T10:27:37.968+0000] {taskinstance.py:430} INFO - ::endgroup::
[2026-04-25T10:27:38.021+0000] {extract.py:8} INFO - Extracting data from: /opt/***/data/input/customers.csv
[2026-04-25T10:27:38.040+0000] {extract.py:12} INFO - Extracted 5 records
[2026-04-25T10:27:38.041+0000] {extract.py:13} INFO - Columns: ['customer_id', 'name', 'email', 'age', 'city', 'registration_date', 'spent_amount']
[2026-04-25T10:27:38.390+0000] {python.py:237} INFO - Done. Returned value was: Extracted 5 records
[2026-04-25T10:27:38.391+0000] {taskinstance.py:441} INFO - ::group::Post task execution logs
[2026-04-25T10:27:38.466+0000] {taskinstance.py:1206} INFO - Marking task as SUCCESS. dag_id=file_etl_pipeline, task_id=extract_task, run_id=manual__2026-04-25T10:27:35.495897+00:00, execution_date=20260425T102735, start_date=20260425T102737, end_date=20260425T102738
[2026-04-25T10:27:38.538+0000] {local_task_job_runner.py:243} INFO - Task exited with return code 0
[2026-04-25T10:27:38.606+0000] {taskinstance.py:3503} INFO - 1 downstream tasks scheduled from follow-on schedule check
[2026-04-25T10:27:38.610+0000] {local_task_job_runner.py:222} INFO - ::endgroup::
