[2026-04-25T10:14:31.992+0000] {local_task_job_runner.py:120} INFO - ::group::Pre task execution logs
[2026-04-25T10:14:32.058+0000] {taskinstance.py:2076} INFO - Dependencies all met for dep_context=non-requeueable deps ti=<TaskInstance: file_etl_pipeline.extract_task manual__2026-04-25T10:14:29.778190+00:00 [queued]>
[2026-04-25T10:14:32.071+0000] {taskinstance.py:2076} INFO - Dependencies all met for dep_context=requeueable deps ti=<TaskInstance: file_etl_pipeline.extract_task manual__2026-04-25T10:14:29.778190+00:00 [queued]>
[2026-04-25T10:14:32.072+0000] {taskinstance.py:2306} INFO - Starting attempt 1 of 2
[2026-04-25T10:14:32.094+0000] {taskinstance.py:2330} INFO - Executing <Task(PythonOperator): extract_task> on 2026-04-25 10:14:29.778190+00:00
[2026-04-25T10:14:32.106+0000] {standard_task_runner.py:90} INFO - Running: ['***', 'tasks', 'run', 'file_etl_pipeline', 'extract_task', 'manual__2026-04-25T10:14:29.778190+00:00', '--job-id', '2', '--raw', '--subdir', 'DAGS_FOLDER/file_etl_dag.py', '--cfg-path', '/tmp/tmpvt4qeyin']
[2026-04-25T10:14:32.111+0000] {standard_task_runner.py:91} INFO - Job 2: Subtask extract_task
[2026-04-25T10:14:32.111+0000] {logging_mixin.py:188} WARNING - /home/***/.local/lib/python3.12/site-packages/***/task/task_runner/standard_task_runner.py:62 DeprecationWarning: This process (pid=201) is multi-threaded, use of fork() may lead to deadlocks in the child.
[2026-04-25T10:14:32.112+0000] {standard_task_runner.py:64} INFO - Started process 203 to run task
[2026-04-25T10:14:32.235+0000] {task_command.py:426} INFO - Running <TaskInstance: file_etl_pipeline.extract_task manual__2026-04-25T10:14:29.778190+00:00 [running]> on host 117a4806cfdc
[2026-04-25T10:14:32.478+0000] {taskinstance.py:2648} INFO - Exporting env vars: AIRFLOW_CTX_DAG_OWNER='team_project' AIRFLOW_CTX_DAG_ID='file_etl_pipeline' AIRFLOW_CTX_TASK_ID='extract_task' AIRFLOW_CTX_EXECUTION_DATE='2026-04-25T10:14:29.778190+00:00' AIRFLOW_CTX_TRY_NUMBER='1' AIRFLOW_CTX_DAG_RUN_ID='manual__2026-04-25T10:14:29.778190+00:00'
[2026-04-25T10:14:32.480+0000] {taskinstance.py:430} INFO - ::endgroup::
[2026-04-25T10:14:32.527+0000] {extract.py:11} INFO - Extracting data from: /opt/***/data/input/customers.csv
[2026-04-25T10:14:32.555+0000] {extract.py:17} INFO - Extracted 5 records with columns: ['customer_id', 'name', 'email', 'age', 'city', 'registration_date', 'spent_amount']
[2026-04-25T10:14:32.955+0000] {python.py:237} INFO - Done. Returned value was: Extracted 5 records
[2026-04-25T10:14:32.956+0000] {taskinstance.py:441} INFO - ::group::Post task execution logs
[2026-04-25T10:14:33.008+0000] {taskinstance.py:1206} INFO - Marking task as SUCCESS. dag_id=file_etl_pipeline, task_id=extract_task, run_id=manual__2026-04-25T10:14:29.778190+00:00, execution_date=20260425T101429, start_date=20260425T101432, end_date=20260425T101433
[2026-04-25T10:14:33.051+0000] {local_task_job_runner.py:243} INFO - Task exited with return code 0
[2026-04-25T10:14:33.096+0000] {taskinstance.py:3503} INFO - 1 downstream tasks scheduled from follow-on schedule check
[2026-04-25T10:14:33.100+0000] {local_task_job_runner.py:222} INFO - ::endgroup::
