[2026-04-25T10:27:40.201+0000] {local_task_job_runner.py:120} INFO - ::group::Pre task execution logs
[2026-04-25T10:27:40.256+0000] {taskinstance.py:2076} INFO - Dependencies all met for dep_context=non-requeueable deps ti=<TaskInstance: file_etl_pipeline.transform_task manual__2026-04-25T10:27:35.495897+00:00 [queued]>
[2026-04-25T10:27:40.269+0000] {taskinstance.py:2076} INFO - Dependencies all met for dep_context=requeueable deps ti=<TaskInstance: file_etl_pipeline.transform_task manual__2026-04-25T10:27:35.495897+00:00 [queued]>
[2026-04-25T10:27:40.270+0000] {taskinstance.py:2306} INFO - Starting attempt 1 of 2
[2026-04-25T10:27:40.291+0000] {taskinstance.py:2330} INFO - Executing <Task(PythonOperator): transform_task> on 2026-04-25 10:27:35.495897+00:00
[2026-04-25T10:27:40.305+0000] {standard_task_runner.py:90} INFO - Running: ['***', 'tasks', 'run', 'file_etl_pipeline', 'transform_task', 'manual__2026-04-25T10:27:35.495897+00:00', '--job-id', '7', '--raw', '--subdir', 'DAGS_FOLDER/file_etl_dag.py', '--cfg-path', '/tmp/tmp8hhk34qc']
[2026-04-25T10:27:40.308+0000] {logging_mixin.py:188} WARNING - /home/***/.local/lib/python3.12/site-packages/***/task/task_runner/standard_task_runner.py:62 DeprecationWarning: This process (pid=197) is multi-threaded, use of fork() may lead to deadlocks in the child.
[2026-04-25T10:27:40.309+0000] {standard_task_runner.py:91} INFO - Job 7: Subtask transform_task
[2026-04-25T10:27:40.310+0000] {standard_task_runner.py:64} INFO - Started process 199 to run task
[2026-04-25T10:27:40.426+0000] {task_command.py:426} INFO - Running <TaskInstance: file_etl_pipeline.transform_task manual__2026-04-25T10:27:35.495897+00:00 [running]> on host a3cbb1fd0c20
[2026-04-25T10:27:40.625+0000] {taskinstance.py:2648} INFO - Exporting env vars: AIRFLOW_CTX_DAG_OWNER='team_project' AIRFLOW_CTX_DAG_ID='file_etl_pipeline' AIRFLOW_CTX_TASK_ID='transform_task' AIRFLOW_CTX_EXECUTION_DATE='2026-04-25T10:27:35.495897+00:00' AIRFLOW_CTX_TRY_NUMBER='1' AIRFLOW_CTX_DAG_RUN_ID='manual__2026-04-25T10:27:35.495897+00:00'
[2026-04-25T10:27:40.627+0000] {taskinstance.py:430} INFO - ::endgroup::
[2026-04-25T10:27:40.699+0000] {transform.py:18} INFO - Starting transformation on 5 records
[2026-04-25T10:27:40.701+0000] {transform.py:19} INFO - Original columns: ['customer_id', 'name', 'email', 'age', 'city', 'registration_date', 'spent_amount']
[2026-04-25T10:27:40.717+0000] {transform.py:44} INFO - Transformation complete. New columns added: segment, is_active
[2026-04-25T10:27:40.719+0000] {transform.py:45} INFO - Active customers: 3
[2026-04-25T10:27:41.085+0000] {python.py:237} INFO - Done. Returned value was: Transformed 5 records
[2026-04-25T10:27:41.092+0000] {taskinstance.py:441} INFO - ::group::Post task execution logs
[2026-04-25T10:27:41.165+0000] {taskinstance.py:1206} INFO - Marking task as SUCCESS. dag_id=file_etl_pipeline, task_id=transform_task, run_id=manual__2026-04-25T10:27:35.495897+00:00, execution_date=20260425T102735, start_date=20260425T102740, end_date=20260425T102741
[2026-04-25T10:27:41.209+0000] {local_task_job_runner.py:243} INFO - Task exited with return code 0
[2026-04-25T10:27:41.245+0000] {local_task_job_runner.py:222} INFO - ::endgroup::
